192.168.141.141 - - [04/Mar/2016:16:55:34 +0800] "POST /version/getNewVersionNo HTTP/1.1" 200 151 "-" "Dalvik/2.1.0 (Linux; U; Android 6.0.1; Nexus 5 Build/MMB29S)"
192.168.141.141 - - [04/Mar/2016:16:55:54 +0800] "POST /version/getNewVersionNo HTTP/1.1" 200 151 "-" "Dalvik/2.1.0 (Linux; U; Android 6.0.1; Nexus 5 Build/MMB29S)"
192.168.163.51 - - [04/Mar/2016:16:56:05 +0800] "POST /registe/batchRegisteForElectronicCard HTTP/1.1" 200 90 "-" "Jakarta Commons-HttpClient/3.1"
192.168.141.141 - - [04/Mar/2016:16:56:14 +0800] "POST /version/getNewVersionNo HTTP/1.1" 200 151 "-" "Dalvik/2.1.0 (Linux; U; Android 6.0.1; Nexus 5 Build/MMB29S)"
192.168.141.31 - - [04/Mar/2016:16:56:25 +0800] "POST /lbs/v1/card/user HTTP/1.1" 200 24 "-" "Dalvik/2.1.0 (Linux; U; Android 5.1; XT1254 Build/SU4TL-44)"
192.168.141.141 - - [04/Mar/2016:16:56:34 +0800] "POST /version/getNewVersionNo HTTP/1.1" 200 151 "-" "Dalvik/2.1.0 (Linux; U; Android 6.0.1; Nexus 5 Build/MMB29S)"
192.168.141.141 - - [04/Mar/2016:16:56:54 +0800] "POST /version/getNewVersionNo HTTP/1.1" 200 151 "-" "Dalvik/2.1.0 (Linux; U; Android 6.0.1; Nexus 5 Build/MMB29S)"
192.168.163.51 - - [04/Mar/2016:16:57:07 +0800] "POST /registe/batchRegisteForElectronicCard HTTP/1.1" 200 90 "-" "Jakarta Commons-HttpClient/3.1"
192.168.141.141 - - [04/Mar/2016:16:57:14 +0800] "POST /version/getNewVersionNo HTTP/1.1" 200 151 "-" "Dalvik/2.1.0 (Linux; U; Android 6.0.1; Nexus 5 Build/MMB29S)"
192.168.141.141 - - [04/Mar/2016:16:57:34 +0800] "POST /version/getNewVersionNo HTTP/1.1" 200 151 "-" "Dalvik/2.1.0 (Linux; U; Android 6.0.1; Nexus 5 Build/MMB29S)"
192.168.141.141 - - [04/Mar/2016:16:57:54 +0800] "POST /version/getNewVersionNo HTTP/1.1" 200 151 "-" "Dalvik/2.1.0 (Linux; U; Android 6.0.1; Nexus 5 Build/MMB29S)"
192.168.163.51 - - [04/Mar/2016:16:58:04 +0800] "POST /registe/batchRegisteForElectronicCard HTTP/1.1" 200 90 "-" "Jakarta Commons-HttpClient/3.1"
192.168.141.141 - - [04/Mar/2016:16:58:14 +0800] "POST /version/getNewVersionNo HTTP/1.1" 200 151 "-" "Dalvik/2.1.0 (Linux; U; Android 6.0.1; Nexus 5 Build/MMB29S)"
192.168.141.141 - - [04/Mar/2016:16:58:34 +0800] "POST /version/getNewVersionNo HTTP/1.1" 200 151 "-" "Dalvik/2.1.0 (Linux; U; Android 6.0.1; Nexus 5 Build/MMB29S)"
192.168.141.141 - - [04/Mar/2016:16:58:54 +0800] "POST /version/getNewVersionNo HTTP/1.1" 200 151 "-" "Dalvik/2.1.0 (Linux; U; Android 6.0.1; Nexus 5 Build/MMB29S)"
192.168.163.51 - - [04/Mar/2016:16:59:05 +0800] "POST /registe/batchRegisteForElectronicCard HTTP/1.1" 200 90 "-" "Jakarta Commons-HttpClient/3.1"
192.168.141.141 - - [04/Mar/2016:16:59:14 +0800] "POST /version/getNewVersionNo HTTP/1.1" 200 151 "-" "Dalvik/2.1.0 (Linux; U; Android 6.0.1; Nexus 5 Build/MMB29S)"
192.168.141.141 - - [04/Mar/2016:16:59:34 +0800] "POST /version/getNewVersionNo HTTP/1.1" 200 151 "-" "Dalvik/2.1.0 (Linux; U; Android 6.0.1; Nexus 5 Build/MMB29S)"
192.168.141.141 - - [04/Mar/2016:16:59:54 +0800] "POST /version/getNewVersionNo HTTP/1.1" 200 151 "-" "Dalvik/2.1.0 (Linux; U; Android 6.0.1; Nexus 5 Build/MMB29S)"
192.168.163.51 - - [04/Mar/2016:17:00:10 +0800] "POST /registe/batchRegisteForElectronicCard HTTP/1.1" 200 90 "-" "Jakarta Commons-HttpClient/3.1"
192.168.141.141 - - [04/Mar/2016:17:00:14 +0800] "POST /version/getNewVersionNo HTTP/1.1" 200 151 "-" "Dalvik/2.1.0 (Linux; U; Android 6.0.1; Nexus 5 Build/MMB29S)"
192.168.141.141 - - [04/Mar/2016:17:00:34 +0800] "POST /version/getNewVersionNo HTTP/1.1" 200 151 "-" "Dalvik/2.1.0 (Linux; U; Android 6.0.1; Nexus 5 Build/MMB29S)"
192.168.141.141 - - [04/Mar/2016:17:00:54 +0800] "POST /version/getNewVersionNo HTTP/1.1" 200 151 "-" "Dalvik/2.1.0 (Linux; U; Android 6.0.1; Nexus 5 Build/MMB29S)"
192.168.163.51 - - [04/Mar/2016:17:01:05 +0800] "POST /registe/batchRegisteForElectronicCard HTTP/1.1" 200 90 "-" "Jakarta Commons-HttpClient/3.1"
192.168.141.141 - - [04/Mar/2016:17:01:14 +0800] "POST /version/getNewVersionNo HTTP/1.1" 200 151 "-" "Dalvik/2.1.0 (Linux; U; Android 6.0.1; Nexus 5 Build/MMB29S)"
172.17.100.229 - - [04/Mar/2016:17:01:20 +0800] "POST /message/sendNotifyMsg HTTP/1.1" 200 113 "-" "-"
192.168.141.141 - - [04/Mar/2016:17:01:34 +0800] "POST /version/getNewVersionNo HTTP/1.1" 200 151 "-" "Dalvik/2.1.0 (Linux; U; Android 6.0.1; Nexus 5 Build/MMB29S)"
192.168.141.141 - - [04/Mar/2016:17:01:35 +0800] "POST /version/getNewVersionNo HTTP/1.1" 499 0 "-" "\xE4\xBC\x98\xE6\x95\x99\xE4\xBF\xA1\xE4\xBD\xBF 3.5.0 (iPhone; iPhone OS 9.2; zh_CN)"
192.168.141.141 - - [04/Mar/2016:17:01:54 +0800] "POST /version/getNewVersionNo HTTP/1.1" 200 151 "-" "Dalvik/2.1.0 (Linux; U; Android 6.0.1; Nexus 5 Build/MMB29S)"
192.168.163.51 - - [04/Mar/2016:17:02:05 +0800] "POST /registe/batchRegisteForElectronicCard HTTP/1.1" 200 90 "-" "Jakarta Commons-HttpClient/3.1"
192.168.141.141 - - [04/Mar/2016:17:02:14 +0800] "POST /version/getNewVersionNo HTTP/1.1" 200 151 "-" "Dalvik/2.1.0 (Linux; U; Android 6.0.1; Nexus 5 Build/MMB29S)"
192.168.141.141 - - [04/Mar/2016:17:02:19 +0800] "POST /version/getNewVersionNo HTTP/1.1" 499 0 "-" "\xE4\xBC\x98\xE6\x95\x99\xE4\xBF\xA1\xE4\xBD\xBF 3.5.0 (iPhone; iPhone OS 9.2; zh_CN)"
192.168.141.141 - - [04/Mar/2016:17:02:34 +0800] "POST /version/getNewVersionNo HTTP/1.1" 200 151 "-" "Dalvik/2.1.0 (Linux; U; Android 6.0.1; Nexus 5 Build/MMB29S)"
192.168.141.141 - - [04/Mar/2016:17:02:39 +0800] "POST /version/getNewVersionNo HTTP/1.1" 499 0 "-" "\xE4\xBC\x98\xE6\x95\x99\xE4\xBF\xA1\xE4\xBD\xBF 3.5.0 (iPhone; iPhone OS 9.2; zh_CN)"
192.168.141.141 - - [04/Mar/2016:17:02:54 +0800] "POST /version/getNewVersionNo HTTP/1.1" 200 151 "-" "Dalvik/2.1.0 (Linux; U; Android 6.0.1; Nexus 5 Build/MMB29S)"
192.168.141.141 - - [04/Mar/2016:17:02:59 +0800] "POST /version/getNewVersionNo HTTP/1.1" 499 0 "-" "\xE4\xBC\x98\xE6\x95\x99\xE4\xBF\xA1\xE4\xBD\xBF 3.5.0 (iPhone; iPhone OS 9.2; zh_CN)"
172.17.100.229 - - [04/Mar/2016:17:03:06 +0800] "POST /message/getLatestMessagesForYouJiaoTong HTTP/1.1" 200 64 "-" "-"
192.168.163.51 - - [04/Mar/2016:17:03:06 +0800] "POST /registe/batchRegisteForElectronicCard HTTP/1.1" 200 90 "-" "Jakarta Commons-HttpClient/3.1"
192.168.141.141 - - [04/Mar/2016:17:03:14 +0800] "POST /version/getNewVersionNo HTTP/1.1" 200 151 "-" "Dalvik/2.1.0 (Linux; U; Android 6.0.1; Nexus 5 Build/MMB29S)"
192.168.141.141 - - [04/Mar/2016:17:03:19 +0800] "POST /version/getNewVersionNo HTTP/1.1" 499 0 "-" "\xE4\xBC\x98\xE6\x95\x99\xE4\xBF\xA1\xE4\xBD\xBF 3.5.0 (iPhone; iPhone OS 9.2; zh_CN)"
192.168.141.141 - - [04/Mar/2016:17:03:34 +0800] "POST /version/getNewVersionNo HTTP/1.1" 200 151 "-" "Dalvik/2.1.0 (Linux; U; Android 6.0.1; Nexus 5 Build/MMB29S)"
192.168.141.141 - - [04/Mar/2016:17:03:39 +0800] "POST /version/getNewVersionNo HTTP/1.1" 499 0 "-" "\xE4\xBC\x98\xE6\x95\x99\xE4\xBF\xA1\xE4\xBD\xBF 3.5.0 (iPhone; iPhone OS 9.2; zh_CN)"
192.168.141.141 - - [04/Mar/2016:17:03:54 +0800] "POST /version/getNewVersionNo HTTP/1.1" 200 151 "-" "Dalvik/2.1.0 (Linux; U; Android 6.0.1; Nexus 5 Build/MMB29S)"
192.168.141.141 - - [04/Mar/2016:17:03:59 +0800] "POST /version/getNewVersionNo HTTP/1.1" 499 0 "-" "\xE4\xBC\x98\xE6\x95\x99\xE4\xBF\xA1\xE4\xBD\xBF 3.5.0 (iPhone; iPhone OS 9.2; zh_CN)"
192.168.163.51 - - [04/Mar/2016:17:04:05 +0800] "POST /registe/batchRegisteForElectronicCard HTTP/1.1" 200 90 "-" "Jakarta Commons-HttpClient/3.1"
192.168.141.141 - - [04/Mar/2016:17:04:14 +0800] "POST /version/getNewVersionNo HTTP/1.1" 200 151 "-" "Dalvik/2.1.0 (Linux; U; Android 6.0.1; Nexus 5 Build/MMB29S)"
192.168.141.141 - - [04/Mar/2016:17:04:19 +0800] "POST /version/getNewVersionNo HTTP/1.1" 499 0 "-" "\xE4\xBC\x98\xE6\x95\x99\xE4\xBF\xA1\xE4\xBD\xBF 3.5.0 (iPhone; iPhone OS 9.2; zh_CN)"
192.168.141.141 - - [04/Mar/2016:17:04:34 +0800] "POST /version/getNewVersionNo HTTP/1.1" 200 151 "-" "Dalvik/2.1.0 (Linux; U; Android 6.0.1; Nexus 5 Build/MMB29S)"
192.168.141.141 - - [04/Mar/2016:17:04:39 +0800] "POST /version/getNewVersionNo HTTP/1.1" 499 0 "-" "\xE4\xBC\x98\xE6\x95\x99\xE4\xBF\xA1\xE4\xBD\xBF 3.5.0 (iPhone; iPhone OS 9.2; zh_CN)"
192.168.141.141 - - [04/Mar/2016:17:04:54 +0800] "POST /version/getNewVersionNo HTTP/1.1" 200 151 "-" "Dalvik/2.1.0 (Linux; U; Android 6.0.1; Nexus 5 Build/MMB29S)"
192.168.141.141 - - [04/Mar/2016:17:04:59 +0800] "POST /version/getNewVersionNo HTTP/1.1" 499 0 "-" "\xE4\xBC\x98\xE6\x95\x99\xE4\xBF\xA1\xE4\xBD\xBF 3.5.0 (iPhone; iPhone OS 9.2; zh_CN)"
192.168.163.51 - - [04/Mar/2016:17:05:05 +0800] "POST /registe/batchRegisteForElectronicCard HTTP/1.1" 200 90 "-" "Jakarta Commons-HttpClient/3.1"
192.168.141.141 - - [04/Mar/2016:17:05:19 +0800] "POST /version/getNewVersionNo HTTP/1.1" 499 0 "-" "\xE4\xBC\x98\xE6\x95\x99\xE4\xBF\xA1\xE4\xBD\xBF 3.5.0 (iPhone; iPhone OS 9.2; zh_CN)"
192.168.141.141 - - [04/Mar/2016:17:05:39 +0800] "POST /version/getNewVersionNo HTTP/1.1" 499 0 "-" "\xE4\xBC\x98\xE6\x95\x99\xE4\xBF\xA1\xE4\xBD\xBF 3.5.0 (iPhone; iPhone OS 9.2; zh_CN)"
172.17.100.229 - - [04/Mar/2016:17:05:40 +0800] "POST /message/getLatestMessagesForYouJiaoTong HTTP/1.1" 200 64 "-" "-"
192.168.141.141 - - [04/Mar/2016:17:05:59 +0800] "POST /version/getNewVersionNo HTTP/1.1" 499 0 "-" "\xE4\xBC\x98\xE6\x95\x99\xE4\xBF\xA1\xE4\xBD\xBF 3.5.0 (iPhone; iPhone OS 9.2; zh_CN)"
192.168.163.51 - - [04/Mar/2016:17:06:07 +0800] "POST /registe/batchRegisteForElectronicCard HTTP/1.1" 200 90 "-" "Jakarta Commons-HttpClient/3.1"
192.168.141.141 - - [04/Mar/2016:17:06:19 +0800] "POST /version/getNewVersionNo HTTP/1.1" 499 0 "-" "\xE4\xBC\x98\xE6\x95\x99\xE4\xBF\xA1\xE4\xBD\xBF 3.5.0 (iPhone; iPhone OS 9.2; zh_CN)"
192.168.141.141 - - [04/Mar/2016:17:06:36 +0800] "POST /message/getAdsContent HTTP/1.1" 200 633 "-" "Dalvik/2.1.0 (Linux; U; Android 6.0.1; Nexus 5 Build/MMB29S)"
192.168.141.141 - - [04/Mar/2016:17:06:36 +0800] "POST /homework/pdGrant HTTP/1.1" 200 183 "-" "Dalvik/2.1.0 (Linux; U; Android 6.0.1; Nexus 5 Build/MMB29S)"
192.168.141.141 - - [04/Mar/2016:17:06:39 +0800] "POST /version/getNewVersionNo HTTP/1.1" 499 0 "-" "\xE4\xBC\x98\xE6\x95\x99\xE4\xBF\xA1\xE4\xBD\xBF 3.5.0 (iPhone; iPhone OS 9.2; zh_CN)"
192.168.141.141 - - [04/Mar/2016:17:06:41 +0800] "POST /homework/getRedDot HTTP/1.1" 200 145 "-" "Dalvik/2.1.0 (Linux; U; Android 6.0.1; Nexus 5 Build/MMB29S)"
192.168.141.141 - - [04/Mar/2016:17:06:54 +0800] "POST /lbs/v1/card/user HTTP/1.1" 200 24 "-" "Dalvik/2.1.0 (Linux; U; Android 6.0.1; Nexus 5 Build/MMB29S)"
192.168.141.141 - - [04/Mar/2016:17:06:59 +0800] "POST /version/getNewVersionNo HTTP/1.1" 499 0 "-" "\xE4\xBC\x98\xE6\x95\x99\xE4\xBF\xA1\xE4\xBD\xBF 3.5.0 (iPhone; iPhone OS 9.2; zh_CN)"
192.168.163.51 - - [04/Mar/2016:17:07:05 +0800] "POST /registe/batchRegisteForElectronicCard HTTP/1.1" 200 90 "-" "Jakarta Commons-HttpClient/3.1"
192.168.141.141 - - [04/Mar/2016:17:07:06 +0800] "POST /version/getNewVersionNo HTTP/1.1" 200 151 "-" "Dalvik/2.1.0 (Linux; U; Android 6.0.1; Nexus 5 Build/MMB29S)"
192.168.141.141 - - [04/Mar/2016:17:07:16 +0800] "POST /user/hasRelationAccount HTTP/1.1" 200 90 "-" "\xE4\xBC\x98\xE6\x95\x99\xE4\xBF\xA1\xE4\xBD\xBF 3.5.0 (iPhone; iPhone OS 9.2.1; zh_CN)"
192.168.141.141 - - [04/Mar/2016:17:07:19 +0800] "POST /version/getNewVersionNo HTTP/1.1" 499 0 "-" "\xE4\xBC\x98\xE6\x95\x99\xE4\xBF\xA1\xE4\xBD\xBF 3.5.0 (iPhone; iPhone OS 9.2; zh_CN)"
192.168.141.141 - - [04/Mar/2016:17:07:34 +0800] "POST /version/getNewVersionNo HTTP/1.1" 200 151 "-" "Dalvik/2.1.0 (Linux; U; Android 6.0.1; Nexus 5 Build/MMB29S)"
192.168.141.141 - - [04/Mar/2016:17:07:39 +0800] "POST /version/getNewVersionNo HTTP/1.1" 499 0 "-" "\xE4\xBC\x98\xE6\x95\x99\xE4\xBF\xA1\xE4\xBD\xBF 3.5.0 (iPhone; iPhone OS 9.2; zh_CN)"
192.168.141.141 - - [04/Mar/2016:17:07:54 +0800] "POST /version/getNewVersionNo HTTP/1.1" 200 151 "-" "Dalvik/2.1.0 (Linux; U; Android 6.0.1; Nexus 5 Build/MMB29S)"
192.168.163.51 - - [04/Mar/2016:17:08:05 +0800] "POST /registe/batchRegisteForElectronicCard HTTP/1.1" 200 90 "-" "Jakarta Commons-HttpClient/3.1"
192.168.141.141 - - [04/Mar/2016:17:08:08 +0800] "POST /user/hasRelationAccount HTTP/1.1" 200 2503 "-" "\xE4\xBC\x98\xE6\x95\x99\xE4\xBF\xA1\xE4\xBD\xBF 3.5.0 (iPhone; iPhone OS 9.2.1; zh_CN)"
192.168.141.141 - - [04/Mar/2016:17:08:14 +0800] "POST /version/getNewVersionNo HTTP/1.1" 200 151 "-" "Dalvik/2.1.0 (Linux; U; Android 6.0.1; Nexus 5 Build/MMB29S)"
192.168.141.141 - - [04/Mar/2016:17:08:14 +0800] "POST /user/loginForUxin HTTP/1.1" 200 377 "-" "\xE4\xBC\x98\xE6\x95\x99\xE4\xBF\xA1\xE4\xBD\xBF 3.5.0 (iPhone; iPhone OS 9.2.1; zh_CN)"
192.168.141.141 - - [04/Mar/2016:17:08:15 +0800] "POST /user/profile HTTP/1.1" 200 377 "-" "\xE4\xBC\x98\xE6\x95\x99\xE4\xBF\xA1\xE4\xBD\xBF 3.5.0 (iPhone; iPhone OS 9.2.1; zh_CN)"
192.168.141.141 - - [04/Mar/2016:17:08:15 +0800] "POST /group/getGroupsForTeacher HTTP/1.1" 200 19520 "-" "\xE4\xBC\x98\xE6\x95\x99\xE4\xBF\xA1\xE4\xBD\xBF 3.5.0 (iPhone; iPhone OS 9.2.1; zh_CN)"
192.168.141.141 - - [04/Mar/2016:17:08:15 +0800] "POST /group/joinedGroups HTTP/1.1" 200 162129 "-" "\xE4\xBC\x98\xE6\x95\x99\xE4\xBF\xA1\xE4\xBD\xBF 3.5.0 (iPhone; iPhone OS 9.2.1; zh_CN)"
192.168.141.141 - - [04/Mar/2016:17:08:16 +0800] "POST /user/getAllUserProfile HTTP/1.1" 200 83407 "-" "\xE4\xBC\x98\xE6\x95\x99\xE4\xBF\xA1\xE4\xBD\xBF 3.5.0 (iPhone; iPhone OS 9.2.1; zh_CN)"
192.168.141.141 - - [04/Mar/2016:17:08:16 +0800] "POST /addressbook/checkUpdate HTTP/1.1" 200 13 "-" "\xE4\xBC\x98\xE6\x95\x99\xE4\xBF\xA1\xE4\xBD\xBF 3.5.0 (iPhone; iPhone OS 9.2.1; zh_CN)"
192.168.141.141 - - [04/Mar/2016:17:08:18 +0800] "POST /message/getAdsContent HTTP/1.1" 200 633 "-" "\xE4\xBC\x98\xE6\x95\x99\xE4\xBF\xA1\xE4\xBD\xBF 3.5.0 (iPhone; iPhone OS 9.2.1; zh_CN)"
192.168.141.141 - - [04/Mar/2016:17:08:18 +0800] "POST /homework/pdGrant HTTP/1.1" 200 183 "-" "\xE4\xBC\x98\xE6\x95\x99\xE4\xBF\xA1\xE4\xBD\xBF 3.5.0 (iPhone; iPhone OS 9.2.1; zh_CN)"
192.168.141.141 - - [04/Mar/2016:17:08:18 +0800] "POST /homework/getRedDot HTTP/1.1" 200 145 "-" "\xE4\xBC\x98\xE6\x95\x99\xE4\xBF\xA1\xE4\xBD\xBF 3.5.0 (iPhone; iPhone OS 9.2.1; zh_CN)"
192.168.141.141 - - [04/Mar/2016:17:08:18 +0800] "POST /message/getMessageTplByID HTTP/1.1" 200 2113 "-" "\xE4\xBC\x98\xE6\x95\x99\xE4\xBF\xA1\xE4\xBD\xBF 3.5.0 (iPhone; iPhone OS 9.2.1; zh_CN)"
192.168.141.141 - - [04/Mar/2016:17:08:24 +0800] "POST /message/getMessageTplType HTTP/1.1" 200 9223 "-" "\xE4\xBC\x98\xE6\x95\x99\xE4\xBF\xA1\xE4\xBD\xBF 3.5.0 (iPhone; iPhone OS 9.2.1; zh_CN)"
192.168.141.141 - - [04/Mar/2016:17:08:26 +0800] "POST /message/getMessageTplByID HTTP/1.1" 200 12530 "-" "\xE4\xBC\x98\xE6\x95\x99\xE4\xBF\xA1\xE4\xBD\xBF 3.5.0 (iPhone; iPhone OS 9.2.1; zh_CN)"
192.168.141.141 - - [04/Mar/2016:17:08:34 +0800] "POST /version/getNewVersionNo HTTP/1.1" 200 151 "-" "Dalvik/2.1.0 (Linux; U; Android 6.0.1; Nexus 5 Build/MMB29S)"
192.168.141.141 - - [04/Mar/2016:17:08:34 +0800] "POST /message/sendMessageForUxin HTTP/1.1" 200 1347 "-" "\xE4\xBC\x98\xE6\x95\x99\xE4\xBF\xA1\xE4\xBD\xBF 3.5.0 (iPhone; iPhone OS 9.2.1; zh_CN)"
192.168.141.141 - - [04/Mar/2016:17:08:35 +0800] "POST /message/getStatisticalInfos HTTP/1.1" 200 217 "-" "\xE4\xBC\x98\xE6\x95\x99\xE4\xBF\xA1\xE4\xBD\xBF 3.5.0 (iPhone; iPhone OS 9.2.1; zh_CN)"
192.168.141.141 - - [04/Mar/2016:17:08:54 +0800] "POST /version/getNewVersionNo HTTP/1.1" 200 151 "-" "Dalvik/2.1.0 (Linux; U; Android 6.0.1; Nexus 5 Build/MMB29S)"
192.168.163.51 - - [04/Mar/2016:17:09:07 +0800] "POST /registe/batchRegisteForElectronicCard HTTP/1.1" 200 90 "-" "Jakarta Commons-HttpClient/3.1"
192.168.141.141 - - [04/Mar/2016:17:09:14 +0800] "POST /version/getNewVersionNo HTTP/1.1" 200 151 "-" "Dalvik/2.1.0 (Linux; U; Android 6.0.1; Nexus 5 Build/MMB29S)"
192.168.141.141 - - [04/Mar/2016:17:09:34 +0800] "POST /version/getNewVersionNo HTTP/1.1" 200 151 "-" "Dalvik/2.1.0 (Linux; U; Android 6.0.1; Nexus 5 Build/MMB29S)"
192.168.141.141 - - [04/Mar/2016:17:09:38 +0800] "POST /message/getMessageTplByID HTTP/1.1" 200 2113 "-" "\xE4\xBC\x98\xE6\x95\x99\xE4\xBF\xA1\xE4\xBD\xBF 3.5.0 (iPhone; iPhone OS 9.2.1; zh_CN)"
192.168.141.141 - - [04/Mar/2016:17:09:38 +0800] "POST /message/getStatisticalInfos HTTP/1.1" 200 217 "-" "\xE4\xBC\x98\xE6\x95\x99\xE4\xBF\xA1\xE4\xBD\xBF 3.5.0 (iPhone; iPhone OS 9.2.1; zh_CN)"
192.168.141.141 - - [04/Mar/2016:17:09:54 +0800] "POST /version/getNewVersionNo HTTP/1.1" 200 151 "-" "Dalvik/2.1.0 (Linux; U; Android 6.0.1; Nexus 5 Build/MMB29S)"
192.168.163.51 - - [04/Mar/2016:17:10:05 +0800] "POST /registe/batchRegisteForElectronicCard HTTP/1.1" 200 90 "-" "Jakarta Commons-HttpClient/3.1"
192.168.141.141 - - [04/Mar/2016:17:10:14 +0800] "POST /version/getNewVersionNo HTTP/1.1" 200 151 "-" "Dalvik/2.1.0 (Linux; U; Android 6.0.1; Nexus 5 Build/MMB29S)"
192.168.141.141 - - [04/Mar/2016:17:10:34 +0800] "POST /version/getNewVersionNo HTTP/1.1" 200 151 "-" "Dalvik/2.1.0 (Linux; U; Android 6.0.1; Nexus 5 Build/MMB29S)"
172.17.100.229 - - [04/Mar/2016:17:10:47 +0800] "POST /message/getLatestMessagesForYouJiaoTong HTTP/1.1" 200 64 "-" "-"
172.17.100.229 - - [04/Mar/2016:17:10:51 +0800] "POST /message/getLatestMessagesForYouJiaoTong HTTP/1.1" 200 64 "-" "-"
192.168.141.141 - - [04/Mar/2016:17:10:54 +0800] "POST /version/getNewVersionNo HTTP/1.1" 200 151 "-" "Dalvik/2.1.0 (Linux; U; Android 6.0.1; Nexus 5 Build/MMB29S)"
192.168.163.51 - - [04/Mar/2016:17:11:05 +0800] "POST /registe/batchRegisteForElectronicCard HTTP/1.1" 200 90 "-" "Jakarta Commons-HttpClient/3.1"
192.168.141.141 - - [04/Mar/2016:17:11:14 +0800] "POST /version/getNewVersionNo HTTP/1.1" 200 151 "-" "Dalvik/2.1.0 (Linux; U; Android 6.0.1; Nexus 5 Build/MMB29S)"
192.168.141.141 - - [04/Mar/2016:17:11:30 +0800] "POST /message/getStatisticalInfos HTTP/1.1" 200 217 "-" "\xE4\xBC\x98\xE6\x95\x99\xE4\xBF\xA1\xE4\xBD\xBF 3.5.0 (iPhone; iPhone OS 9.2.1; zh_CN)"
192.168.141.141 - - [04/Mar/2016:17:11:34 +0800] "POST /version/getNewVersionNo HTTP/1.1" 200 151 "-" "Dalvik/2.1.0 (Linux; U; Android 6.0.1; Nexus 5 Build/MMB29S)"
192.168.141.141 - - [04/Mar/2016:17:11:39 +0800] "POST /addressbook/checkUpdate HTTP/1.1" 200 13 "-" "\xE4\xBC\x98\xE6\x95\x99\xE4\xBF\xA1\xE4\xBD\xBF 3.5.0 (iPhone; iPhone OS 9.2.1; zh_CN)"
192.168.141.141 - - [04/Mar/2016:17:11:54 +0800] "POST /version/getNewVersionNo HTTP/1.1" 200 151 "-" "Dalvik/2.1.0 (Linux; U; Android 6.0.1; Nexus 5 Build/MMB29S)"
192.168.163.51 - - [04/Mar/2016:17:12:08 +0800] "POST /registe/batchRegisteForElectronicCard HTTP/1.1" 200 90 "-" "Jakarta Commons-HttpClient/3.1"
192.168.141.141 - - [04/Mar/2016:17:12:14 +0800] "POST /version/getNewVersionNo HTTP/1.1" 200 151 "-" "Dalvik/2.1.0 (Linux; U; Android 6.0.1; Nexus 5 Build/MMB29S)"
192.168.141.141 - - [04/Mar/2016:17:12:34 +0800] "POST /version/getNewVersionNo HTTP/1.1" 200 151 "-" "Dalvik/2.1.0 (Linux; U; Android 6.0.1; Nexus 5 Build/MMB29S)"
192.168.141.141 - - [04/Mar/2016:17:12:54 +0800] "POST /version/getNewVersionNo HTTP/1.1" 200 151 "-" "Dalvik/2.1.0 (Linux; U; Android 6.0.1; Nexus 5 Build/MMB29S)"
192.168.163.51 - - [04/Mar/2016:17:13:05 +0800] "POST /registe/batchRegisteForElectronicCard HTTP/1.1" 200 90 "-" "Jakarta Commons-HttpClient/3.1"
192.168.141.141 - - [04/Mar/2016:17:13:14 +0800] "POST /version/getNewVersionNo HTTP/1.1" 200 151 "-" "Dalvik/2.1.0 (Linux; U; Android 6.0.1; Nexus 5 Build/MMB29S)"
192.168.141.141 - - [04/Mar/2016:17:13:34 +0800] "POST /version/getNewVersionNo HTTP/1.1" 200 151 "-" "Dalvik/2.1.0 (Linux; U; Android 6.0.1; Nexus 5 Build/MMB29S)"
192.168.141.141 - - [04/Mar/2016:17:13:54 +0800] "POST /version/getNewVersionNo HTTP/1.1" 200 151 "-" "Dalvik/2.1.0 (Linux; U; Android 6.0.1; Nexus 5 Build/MMB29S)"
192.168.163.51 - - [04/Mar/2016:17:14:04 +0800] "POST /registe/batchRegisteForElectronicCard HTTP/1.1" 200 90 "-" "Jakarta Commons-HttpClient/3.1"
192.168.141.141 - - [04/Mar/2016:17:14:14 +0800] "POST /version/getNewVersionNo HTTP/1.1" 200 151 "-" "Dalvik/2.1.0 (Linux; U; Android 6.0.1; Nexus 5 Build/MMB29S)"
192.168.141.141 - - [04/Mar/2016:17:14:35 +0800] "POST /version/getNewVersionNo HTTP/1.1" 200 151 "-" "Dalvik/2.1.0 (Linux; U; Android 6.0.1; Nexus 5 Build/MMB29S)"
192.168.141.141 - - [04/Mar/2016:17:14:54 +0800] "POST /version/getNewVersionNo HTTP/1.1" 200 151 "-" "Dalvik/2.1.0 (Linux; U; Android 6.0.1; Nexus 5 Build/MMB29S)"
192.168.163.51 - - [04/Mar/2016:17:15:08 +0800] "POST /registe/batchRegisteForElectronicCard HTTP/1.1" 200 90 "-" "Jakarta Commons-HttpClient/3.1"
192.168.141.141 - - [04/Mar/2016:17:15:14 +0800] "POST /version/getNewVersionNo HTTP/1.1" 200 151 "-" "Dalvik/2.1.0 (Linux; U; Android 6.0.1; Nexus 5 Build/MMB29S)"
192.168.141.141 - - [04/Mar/2016:17:15:34 +0800] "POST /version/getNewVersionNo HTTP/1.1" 200 151 "-" "Dalvik/2.1.0 (Linux; U; Android 6.0.1; Nexus 5 Build/MMB29S)"
192.168.141.141 - - [04/Mar/2016:17:15:54 +0800] "POST /version/getNewVersionNo HTTP/1.1" 200 151 "-" "Dalvik/2.1.0 (Linux; U; Android 6.0.1; Nexus 5 Build/MMB29S)"
192.168.163.51 - - [04/Mar/2016:17:16:05 +0800] "POST /registe/batchRegisteForElectronicCard HTTP/1.1" 200 90 "-" "Jakarta Commons-HttpClient/3.1"
192.168.141.141 - - [04/Mar/2016:17:16:14 +0800] "POST /version/getNewVersionNo HTTP/1.1" 200 151 "-" "Dalvik/2.1.0 (Linux; U; Android 6.0.1; Nexus 5 Build/MMB29S)"
192.168.141.141 - - [04/Mar/2016:17:16:34 +0800] "POST /version/getNewVersionNo HTTP/1.1" 200 151 "-" "Dalvik/2.1.0 (Linux; U; Android 6.0.1; Nexus 5 Build/MMB29S)"
192.168.141.141 - - [04/Mar/2016:17:16:54 +0800] "POST /version/getNewVersionNo HTTP/1.1" 200 151 "-" "Dalvik/2.1.0 (Linux; U; Android 6.0.1; Nexus 5 Build/MMB29S)"
192.168.163.51 - - [04/Mar/2016:17:17:05 +0800] "POST /registe/batchRegisteForElectronicCard HTTP/1.1" 200 90 "-" "Jakarta Commons-HttpClient/3.1"
192.168.141.141 - - [04/Mar/2016:17:17:14 +0800] "POST /version/getNewVersionNo HTTP/1.1" 200 151 "-" "Dalvik/2.1.0 (Linux; U; Android 6.0.1; Nexus 5 Build/MMB29S)"
192.168.141.141 - - [04/Mar/2016:17:17:34 +0800] "POST /version/getNewVersionNo HTTP/1.1" 200 151 "-" "Dalvik/2.1.0 (Linux; U; Android 6.0.1; Nexus 5 Build/MMB29S)"
192.168.141.141 - - [04/Mar/2016:17:17:54 +0800] "POST /version/getNewVersionNo HTTP/1.1" 200 151 "-" "Dalvik/2.1.0 (Linux; U; Android 6.0.1; Nexus 5 Build/MMB29S)"
192.168.163.51 - - [04/Mar/2016:17:18:08 +0800] "POST /registe/batchRegisteForElectronicCard HTTP/1.1" 200 90 "-" "Jakarta Commons-HttpClient/3.1"
192.168.141.141 - - [04/Mar/2016:17:18:14 +0800] "POST /version/getNewVersionNo HTTP/1.1" 200 151 "-" "Dalvik/2.1.0 (Linux; U; Android 6.0.1; Nexus 5 Build/MMB29S)"
192.168.141.141 - - [04/Mar/2016:17:18:28 +0800] "POST /version/getNewVersionNo HTTP/1.1" 499 0 "-" "\xE4\xBC\x98\xE6\x95\x99\xE4\xBF\xA1\xE4\xBD\xBF 3.5.0 (iPhone; iPhone OS 9.2; zh_CN)"
192.168.141.141 - - [04/Mar/2016:17:18:32 +0800] "POST /version/getNewVersionNo HTTP/1.1" 499 0 "-" "\xE4\xBC\x98\xE6\x95\x99\xE4\xBF\xA1\xE4\xBD\xBF 3.5.0 (iPhone; iPhone OS 9.2; zh_CN)"
192.168.141.141 - - [04/Mar/2016:17:18:34 +0800] "POST /version/getNewVersionNo HTTP/1.1" 200 151 "-" "Dalvik/2.1.0 (Linux; U; Android 6.0.1; Nexus 5 Build/MMB29S)"
192.168.141.141 - - [04/Mar/2016:17:18:54 +0800] "POST /version/getNewVersionNo HTTP/1.1" 200 151 "-" "Dalvik/2.1.0 (Linux; U; Android 6.0.1; Nexus 5 Build/MMB29S)"
192.168.163.51 - - [04/Mar/2016:17:19:05 +0800] "POST /registe/batchRegisteForElectronicCard HTTP/1.1" 200 90 "-" "Jakarta Commons-HttpClient/3.1"
192.168.141.141 - - [04/Mar/2016:17:19:14 +0800] "POST /version/getNewVersionNo HTTP/1.1" 200 151 "-" "Dalvik/2.1.0 (Linux; U; Android 6.0.1; Nexus 5 Build/MMB29S)"
192.168.141.141 - - [04/Mar/2016:17:19:34 +0800] "POST /version/getNewVersionNo HTTP/1.1" 200 151 "-" "Dalvik/2.1.0 (Linux; U; Android 6.0.1; Nexus 5 Build/MMB29S)"
192.168.141.141 - - [04/Mar/2016:17:19:54 +0800] "POST /version/getNewVersionNo HTTP/1.1" 200 151 "-" "Dalvik/2.1.0 (Linux; U; Android 6.0.1; Nexus 5 Build/MMB29S)"
192.168.163.51 - - [04/Mar/2016:17:20:06 +0800] "POST /registe/batchRegisteForElectronicCard HTTP/1.1" 200 90 "-" "Jakarta Commons-HttpClient/3.1"
192.168.141.141 - - [04/Mar/2016:17:20:14 +0800] "POST /version/getNewVersionNo HTTP/1.1" 200 151 "-" "Dalvik/2.1.0 (Linux; U; Android 6.0.1; Nexus 5 Build/MMB29S)"
192.168.141.141 - - [04/Mar/2016:17:20:34 +0800] "POST /version/getNewVersionNo HTTP/1.1" 200 151 "-" "Dalvik/2.1.0 (Linux; U; Android 6.0.1; Nexus 5 Build/MMB29S)"
192.168.141.141 - - [04/Mar/2016:17:20:54 +0800] "POST /version/getNewVersionNo HTTP/1.1" 200 151 "-" "Dalvik/2.1.0 (Linux; U; Android 6.0.1; Nexus 5 Build/MMB29S)"
192.168.163.51 - - [04/Mar/2016:17:21:07 +0800] "POST /registe/batchRegisteForElectronicCard HTTP/1.1" 200 90 "-" "Jakarta Commons-HttpClient/3.1"
192.168.141.141 - - [04/Mar/2016:17:21:14 +0800] "POST /version/getNewVersionNo HTTP/1.1" 200 151 "-" "Dalvik/2.1.0 (Linux; U; Android 6.0.1; Nexus 5 Build/MMB29S)"
192.168.141.141 - - [04/Mar/2016:17:21:34 +0800] "POST /version/getNewVersionNo HTTP/1.1" 200 151 "-" "Dalvik/2.1.0 (Linux; U; Android 6.0.1; Nexus 5 Build/MMB29S)"
192.168.141.141 - - [04/Mar/2016:17:21:54 +0800] "POST /version/getNewVersionNo HTTP/1.1" 200 151 "-" "Dalvik/2.1.0 (Linux; U; Android 6.0.1; Nexus 5 Build/MMB29S)"
192.168.163.51 - - [04/Mar/2016:17:22:05 +0800] "POST /registe/batchRegisteForElectronicCard HTTP/1.1" 200 90 "-" "Jakarta Commons-HttpClient/3.1"
192.168.141.141 - - [04/Mar/2016:17:22:14 +0800] "POST /version/getNewVersionNo HTTP/1.1" 200 151 "-" "Dalvik/2.1.0 (Linux; U; Android 6.0.1; Nexus 5 Build/MMB29S)"
172.17.100.229 - - [04/Mar/2016:17:22:31 +0800] "POST /message/getLatestMessagesForYouJiaoTong HTTP/1.1" 200 64 "-" "-"
192.168.141.141 - - [04/Mar/2016:17:22:34 +0800] "POST /version/getNewVersionNo HTTP/1.1" 200 151 "-" "Dalvik/2.1.0 (Linux; U; Android 6.0.1; Nexus 5 Build/MMB29S)"
192.168.141.141 - - [04/Mar/2016:17:22:54 +0800] "POST /version/getNewVersionNo HTTP/1.1" 200 151 "-" "Dalvik/2.1.0 (Linux; U; Android 6.0.1; Nexus 5 Build/MMB29S)"
192.168.163.51 - - [04/Mar/2016:17:23:05 +0800] "POST /registe/batchRegisteForElectronicCard HTTP/1.1" 200 90 "-" "Jakarta Commons-HttpClient/3.1"
172.17.100.229 - - [04/Mar/2016:17:23:06 +0800] "POST /message/getLatestMessagesForYouJiaoTong HTTP/1.1" 200 64 "-" "-"
192.168.141.141 - - [04/Mar/2016:17:23:14 +0800] "POST /version/getNewVersionNo HTTP/1.1" 200 151 "-" "Dalvik/2.1.0 (Linux; U; Android 6.0.1; Nexus 5 Build/MMB29S)"
192.168.141.141 - - [04/Mar/2016:17:23:34 +0800] "POST /version/getNewVersionNo HTTP/1.1" 200 151 "-" "Dalvik/2.1.0 (Linux; U; Android 6.0.1; Nexus 5 Build/MMB29S)"
192.168.141.141 - - [04/Mar/2016:17:23:54 +0800] "POST /version/getNewVersionNo HTTP/1.1" 200 151 "-" "Dalvik/2.1.0 (Linux; U; Android 6.0.1; Nexus 5 Build/MMB29S)"
172.17.100.229 - - [04/Mar/2016:17:23:58 +0800] "POST /message/sendMessageForZhanNeiXin HTTP/1.1" 200 548 "-" "-"
192.168.163.51 - - [04/Mar/2016:17:24:07 +0800] "POST /registe/batchRegisteForElectronicCard HTTP/1.1" 200 90 "-" "Jakarta Commons-HttpClient/3.1"
192.168.141.141 - - [04/Mar/2016:17:24:14 +0800] "POST /version/getNewVersionNo HTTP/1.1" 200 151 "-" "Dalvik/2.1.0 (Linux; U; Android 6.0.1; Nexus 5 Build/MMB29S)"
192.168.141.141 - - [04/Mar/2016:17:24:34 +0800] "POST /version/getNewVersionNo HTTP/1.1" 200 151 "-" "Dalvik/2.1.0 (Linux; U; Android 6.0.1; Nexus 5 Build/MMB29S)"
192.168.141.141 - - [04/Mar/2016:17:24:54 +0800] "POST /version/getNewVersionNo HTTP/1.1" 200 151 "-" "Dalvik/2.1.0 (Linux; U; Android 6.0.1; Nexus 5 Build/MMB29S)"
192.168.163.51 - - [04/Mar/2016:17:25:05 +0800] "POST /registe/batchRegisteForElectronicCard HTTP/1.1" 200 90 "-" "Jakarta Commons-HttpClient/3.1"
192.168.141.141 - - [04/Mar/2016:17:25:14 +0800] "POST /version/getNewVersionNo HTTP/1.1" 200 151 "-" "Dalvik/2.1.0 (Linux; U; Android 6.0.1; Nexus 5 Build/MMB29S)"
192.168.141.141 - - [04/Mar/2016:17:25:34 +0800] "POST /version/getNewVersionNo HTTP/1.1" 200 151 "-" "Dalvik/2.1.0 (Linux; U; Android 6.0.1; Nexus 5 Build/MMB29S)"
172.17.100.229 - - [04/Mar/2016:17:25:40 +0800] "POST /message/getLatestMessagesForYouJiaoTong HTTP/1.1" 200 64 "-" "-"
192.168.141.141 - - [04/Mar/2016:17:25:54 +0800] "POST /version/getNewVersionNo HTTP/1.1" 200 151 "-" "Dalvik/2.1.0 (Linux; U; Android 6.0.1; Nexus 5 Build/MMB29S)"
192.168.163.51 - - [04/Mar/2016:17:26:05 +0800] "POST /registe/batchRegisteForElectronicCard HTTP/1.1" 200 90 "-" "Jakarta Commons-HttpClient/3.1"
192.168.141.141 - - [04/Mar/2016:17:26:14 +0800] "POST /version/getNewVersionNo HTTP/1.1" 200 151 "-" "Dalvik/2.1.0 (Linux; U; Android 6.0.1; Nexus 5 Build/MMB29S)"
192.168.141.141 - - [04/Mar/2016:17:26:18 +0800] "POST /user/hasRelationAccount HTTP/1.1" 200 2503 "-" "\xE4\xBC\x98\xE6\x95\x99\xE4\xBF\xA1\xE4\xBD\xBF 3.5.0 (iPhone; iPhone OS 9.2; zh_CN)"
192.168.141.141 - - [04/Mar/2016:17:26:19 +0800] "POST /user/loginForUxin HTTP/1.1" 200 377 "-" "\xE4\xBC\x98\xE6\x95\x99\xE4\xBF\xA1\xE4\xBD\xBF 3.5.0 (iPhone; iPhone OS 9.2; zh_CN)"
192.168.141.141 - - [04/Mar/2016:17:26:20 +0800] "POST /user/registerPush HTTP/1.1" 200 64 "-" "\xE4\xBC\x98\xE6\x95\x99\xE4\xBF\xA1\xE4\xBD\xBF 3.5.0 (iPhone; iPhone OS 9.2; zh_CN)"
192.168.141.141 - - [04/Mar/2016:17:26:21 +0800] "POST /message/getMessageTplByID HTTP/1.1" 200 2113 "-" "\xE4\xBC\x98\xE6\x95\x99\xE4\xBF\xA1\xE4\xBD\xBF 3.5.0 (iPhone; iPhone OS 9.2; zh_CN)"
192.168.141.141 - - [04/Mar/2016:17:26:21 +0800] "POST /message/getStatisticalInfos HTTP/1.1" 200 6841 "-" "\xE4\xBC\x98\xE6\x95\x99\xE4\xBF\xA1\xE4\xBD\xBF 3.5.0 (iPhone; iPhone OS 9.2; zh_CN)"
192.168.141.141 - - [04/Mar/2016:17:26:34 +0800] "POST /version/getNewVersionNo HTTP/1.1" 200 151 "-" "Dalvik/2.1.0 (Linux; U; Android 6.0.1; Nexus 5 Build/MMB29S)"
192.168.141.141 - - [04/Mar/2016:17:26:54 +0800] "POST /version/getNewVersionNo HTTP/1.1" 200 151 "-" "Dalvik/2.1.0 (Linux; U; Android 6.0.1; Nexus 5 Build/MMB29S)"
192.168.141.141 - - [04/Mar/2016:17:27:01 +0800] "POST /homework/querySubmit HTTP/1.1" 200 510 "-" "\xE4\xBC\x98\xE6\x95\x99\xE4\xBF\xA1\xE4\xBD\xBF 3.5.0 (iPhone; iPhone OS 9.2; zh_CN)"
192.168.141.141 - - [04/Mar/2016:17:27:04 +0800] "POST /message/getMessageTplByID HTTP/1.1" 200 2113 "-" "\xE4\xBC\x98\xE6\x95\x99\xE4\xBF\xA1\xE4\xBD\xBF 3.5.0 (iPhone; iPhone OS 9.2; zh_CN)"
192.168.141.141 - - [04/Mar/2016:17:27:04 +0800] "POST /message/getStatisticalInfos HTTP/1.1" 200 6841 "-" "\xE4\xBC\x98\xE6\x95\x99\xE4\xBF\xA1\xE4\xBD\xBF 3.5.0 (iPhone; iPhone OS 9.2; zh_CN)"
192.168.141.141 - - [04/Mar/2016:17:27:14 +0800] "POST /version/getNewVersionNo HTTP/1.1" 200 151 "-" "Dalvik/2.1.0 (Linux; U; Android 6.0.1; Nexus 5 Build/MMB29S)"
192.168.163.51 - - [04/Mar/2016:17:27:14 +0800] "POST /registe/batchRegisteForElectronicCard HTTP/1.1" 200 90 "-" "Jakarta Commons-HttpClient/3.1"
192.168.141.141 - - [04/Mar/2016:17:27:16 +0800] "POST /message/getStatisticalInfos HTTP/1.1" 200 6841 "-" "\xE4\xBC\x98\xE6\x95\x99\xE4\xBF\xA1\xE4\xBD\xBF 3.5.0 (iPhone; iPhone OS 9.2; zh_CN)"
192.168.141.141 - - [04/Mar/2016:17:27:34 +0800] "POST /version/getNewVersionNo HTTP/1.1" 200 151 "-" "Dalvik/2.1.0 (Linux; U; Android 6.0.1; Nexus 5 Build/MMB29S)"
192.168.141.141 - - [04/Mar/2016:17:27:54 +0800] "POST /version/getNewVersionNo HTTP/1.1" 200 151 "-" "Dalvik/2.1.0 (Linux; U; Android 6.0.1; Nexus 5 Build/MMB29S)"
172.17.100.229 - - [04/Mar/2016:17:27:58 +0800] "POST /message/getLatestMessagesForYouJiaoTong HTTP/1.1" 200 64 "-" "-"
192.168.163.51 - - [04/Mar/2016:17:28:05 +0800] "POST /registe/batchRegisteForElectronicCard HTTP/1.1" 200 90 "-" "Jakarta Commons-HttpClient/3.1"
192.168.141.141 - - [04/Mar/2016:17:28:14 +0800] "POST /version/getNewVersionNo HTTP/1.1" 200 151 "-" "Dalvik/2.1.0 (Linux; U; Android 6.0.1; Nexus 5 Build/MMB29S)"
192.168.141.141 - - [04/Mar/2016:17:28:26 +0800] "POST /homework/querySubmit HTTP/1.1" 200 510 "-" "\xE4\xBC\x98\xE6\x95\x99\xE4\xBF\xA1\xE4\xBD\xBF 3.5.0 (iPhone; iPhone OS 9.2; zh_CN)"
192.168.141.141 - - [04/Mar/2016:17:28:29 +0800] "POST /message/getAdsContent HTTP/1.1" 200 633 "-" "\xE4\xBC\x98\xE6\x95\x99\xE4\xBF\xA1\xE4\xBD\xBF 3.5.0 (iPhone; iPhone OS 9.2; zh_CN)"
192.168.141.141 - - [04/Mar/2016:17:28:29 +0800] "POST /homework/pdGrant HTTP/1.1" 200 183 "-" "\xE4\xBC\x98\xE6\x95\x99\xE4\xBF\xA1\xE4\xBD\xBF 3.5.0 (iPhone; iPhone OS 9.2; zh_CN)"
192.168.141.141 - - [04/Mar/2016:17:28:32 +0800] "POST /addressbook/checkUpdate HTTP/1.1" 200 13 "-" "\xE4\xBC\x98\xE6\x95\x99\xE4\xBF\xA1\xE4\xBD\xBF 3.5.0 (iPhone; iPhone OS 9.2; zh_CN)"
192.168.141.141 - - [04/Mar/2016:17:28:34 +0800] "POST /version/getNewVersionNo HTTP/1.1" 200 151 "-" "Dalvik/2.1.0 (Linux; U; Android 6.0.1; Nexus 5 Build/MMB29S)"
192.168.141.141 - - [04/Mar/2016:17:28:34 +0800] "POST /homework/querySubmit HTTP/1.1" 200 510 "-" "\xE4\xBC\x98\xE6\x95\x99\xE4\xBF\xA1\xE4\xBD\xBF 3.5.0 (iPhone; iPhone OS 9.2; zh_CN)"
192.168.141.141 - - [04/Mar/2016:17:28:34 +0800] "POST /homework/getRedDot HTTP/1.1" 200 145 "-" "\xE4\xBC\x98\xE6\x95\x99\xE4\xBF\xA1\xE4\xBD\xBF 3.5.0 (iPhone; iPhone OS 9.2; zh_CN)"
192.168.141.141 - - [04/Mar/2016:17:28:43 +0800] "POST /message/getMessageTplByID HTTP/1.1" 200 2113 "-" "\xE4\xBC\x98\xE6\x95\x99\xE4\xBF\xA1\xE4\xBD\xBF 3.5.0 (iPhone; iPhone OS 9.2; zh_CN)"
192.168.141.141 - - [04/Mar/2016:17:28:43 +0800] "POST /message/getStatisticalInfos HTTP/1.1" 200 6841 "-" "\xE4\xBC\x98\xE6\x95\x99\xE4\xBF\xA1\xE4\xBD\xBF 3.5.0 (iPhone; iPhone OS 9.2; zh_CN)"
192.168.141.141 - - [04/Mar/2016:17:28:54 +0800] "POST /version/getNewVersionNo HTTP/1.1" 200 151 "-" "Dalvik/2.1.0 (Linux; U; Android 6.0.1; Nexus 5 Build/MMB29S)"
192.168.163.51 - - [04/Mar/2016:17:29:05 +0800] "POST /registe/batchRegisteForElectronicCard HTTP/1.1" 200 90 "-" "Jakarta Commons-HttpClient/3.1"
192.168.141.141 - - [04/Mar/2016:17:29:14 +0800] "POST /version/getNewVersionNo HTTP/1.1" 200 151 "-" "Dalvik/2.1.0 (Linux; U; Android 6.0.1; Nexus 5 Build/MMB29S)"
192.168.141.141 - - [04/Mar/2016:17:29:34 +0800] "POST /version/getNewVersionNo HTTP/1.1" 200 151 "-" "Dalvik/2.1.0 (Linux; U; Android 6.0.1; Nexus 5 Build/MMB29S)"
192.168.141.141 - - [04/Mar/2016:17:29:54 +0800] "POST /version/getNewVersionNo HTTP/1.1" 200 151 "-" "Dalvik/2.1.0 (Linux; U; Android 6.0.1; Nexus 5 Build/MMB29S)"
192.168.163.51 - - [04/Mar/2016:17:30:09 +0800] "POST /registe/batchRegisteForElectronicCard HTTP/1.1" 200 90 "-" "Jakarta Commons-HttpClient/3.1"
192.168.141.141 - - [04/Mar/2016:17:30:14 +0800] "POST /version/getNewVersionNo HTTP/1.1" 200 151 "-" "Dalvik/2.1.0 (Linux; U; Android 6.0.1; Nexus 5 Build/MMB29S)"
192.168.141.141 - - [04/Mar/2016:17:30:34 +0800] "POST /version/getNewVersionNo HTTP/1.1" 200 151 "-" "Dalvik/2.1.0 (Linux; U; Android 6.0.1; Nexus 5 Build/MMB29S)"
192.168.141.141 - - [04/Mar/2016:17:30:54 +0800] "POST /version/getNewVersionNo HTTP/1.1" 200 151 "-" "Dalvik/2.1.0 (Linux; U; Android 6.0.1; Nexus 5 Build/MMB29S)"
192.168.163.51 - - [04/Mar/2016:17:31:06 +0800] "POST /registe/batchRegisteForElectronicCard HTTP/1.1" 200 90 "-" "Jakarta Commons-HttpClient/3.1"
192.168.141.141 - - [04/Mar/2016:17:31:14 +0800] "POST /version/getNewVersionNo HTTP/1.1" 200 151 "-" "Dalvik/2.1.0 (Linux; U; Android 6.0.1; Nexus 5 Build/MMB29S)"
192.168.147.22 - - [04/Mar/2016:17:31:24 +0800] "POST /lbs/v1/card/user HTTP/1.1" 200 24 "-" "Dalvik/1.6.0 (Linux; U; Android 4.4.4; MI 3W MIUI/V7.0.5.0.KXDCNCI)"
192.168.147.22 - - [04/Mar/2016:17:31:29 +0800] "POST /homework/getRedDot HTTP/1.1" 200 145 "-" "Dalvik/1.6.0 (Linux; U; Android 4.4.4; MI 3W MIUI/V7.0.5.0.KXDCNCI)"
192.168.141.141 - - [04/Mar/2016:17:31:34 +0800] "POST /version/getNewVersionNo HTTP/1.1" 200 151 "-" "Dalvik/2.1.0 (Linux; U; Android 6.0.1; Nexus 5 Build/MMB29S)"
192.168.147.22 - - [04/Mar/2016:17:31:34 +0800] "POST /message/getAdsContent HTTP/1.1" 200 64 "-" "Dalvik/1.6.0 (Linux; U; Android 4.4.4; MI 3W MIUI/V7.0.5.0.KXDCNCI)"
192.168.147.22 - - [04/Mar/2016:17:31:36 +0800] "POST /version/getNewVersionNo HTTP/1.1" 200 151 "-" "Dalvik/1.6.0 (Linux; U; Android 4.4.4; MI 3W MIUI/V7.0.5.0.KXDCNCI)"
192.168.147.22 - - [04/Mar/2016:17:31:36 +0800] "POST /homework/pdGrant HTTP/1.1" 200 185 "-" "Dalvik/1.6.0 (Linux; U; Android 4.4.4; MI 3W MIUI/V7.0.5.0.KXDCNCI)"
192.168.141.141 - - [04/Mar/2016:17:31:54 +0800] "POST /version/getNewVersionNo HTTP/1.1" 200 151 "-" "Dalvik/2.1.0 (Linux; U; Android 6.0.1; Nexus 5 Build/MMB29S)"
192.168.163.51 - - [04/Mar/2016:17:32:05 +0800] "POST /registe/batchRegisteForElectronicCard HTTP/1.1" 200 90 "-" "Jakarta Commons-HttpClient/3.1"
192.168.141.141 - - [04/Mar/2016:17:32:14 +0800] "POST /version/getNewVersionNo HTTP/1.1" 200 151 "-" "Dalvik/2.1.0 (Linux; U; Android 6.0.1; Nexus 5 Build/MMB29S)"
192.168.141.141 - - [04/Mar/2016:17:32:34 +0800] "POST /version/getNewVersionNo HTTP/1.1" 200 151 "-" "Dalvik/2.1.0 (Linux; U; Android 6.0.1; Nexus 5 Build/MMB29S)"
192.168.141.141 - - [04/Mar/2016:17:32:54 +0800] "POST /version/getNewVersionNo HTTP/1.1" 200 151 "-" "Dalvik/2.1.0 (Linux; U; Android 6.0.1; Nexus 5 Build/MMB29S)"
192.168.163.51 - - [04/Mar/2016:17:33:07 +0800] "POST /registe/batchRegisteForElectronicCard HTTP/1.1" 200 90 "-" "Jakarta Commons-HttpClient/3.1"
192.168.141.141 - - [04/Mar/2016:17:33:10 +0800] "POST /homework/querySubmit HTTP/1.1" 200 510 "-" "\xE4\xBC\x98\xE6\x95\x99\xE4\xBF\xA1\xE4\xBD\xBF 3.5.0 (iPhone; iPhone OS 9.2; zh_CN)"
192.168.141.141 - - [04/Mar/2016:17:33:14 +0800] "POST /version/getNewVersionNo HTTP/1.1" 200 151 "-" "Dalvik/2.1.0 (Linux; U; Android 6.0.1; Nexus 5 Build/MMB29S)"
192.168.141.141 - - [04/Mar/2016:17:33:14 +0800] "POST /homework/querySubmit HTTP/1.1" 200 510 "-" "\xE4\xBC\x98\xE6\x95\x99\xE4\xBF\xA1\xE4\xBD\xBF 3.5.0 (iPhone; iPhone OS 9.2; zh_CN)"
192.168.141.141 - - [04/Mar/2016:17:33:20 +0800] "POST /homework/querySubmit HTTP/1.1" 200 510 "-" "\xE4\xBC\x98\xE6\x95\x99\xE4\xBF\xA1\xE4\xBD\xBF 3.5.0 (iPhone; iPhone OS 9.2; zh_CN)"
192.168.141.141 - - [04/Mar/2016:17:33:34 +0800] "POST /version/getNewVersionNo HTTP/1.1" 200 151 "-" "Dalvik/2.1.0 (Linux; U; Android 6.0.1; Nexus 5 Build/MMB29S)"
192.168.141.141 - - [04/Mar/2016:17:33:54 +0800] "POST /version/getNewVersionNo HTTP/1.1" 200 151 "-" "Dalvik/2.1.0 (Linux; U; Android 6.0.1; Nexus 5 Build/MMB29S)"
192.168.163.51 - - [04/Mar/2016:17:34:05 +0800] "POST /registe/batchRegisteForElectronicCard HTTP/1.1" 200 90 "-" "Jakarta Commons-HttpClient/3.1"
192.168.141.141 - - [04/Mar/2016:17:34:14 +0800] "POST /version/getNewVersionNo HTTP/1.1" 200 151 "-" "Dalvik/2.1.0 (Linux; U; Android 6.0.1; Nexus 5 Build/MMB29S)"
192.168.141.141 - - [04/Mar/2016:17:34:34 +0800] "POST /version/getNewVersionNo HTTP/1.1" 200 151 "-" "Dalvik/2.1.0 (Linux; U; Android 6.0.1; Nexus 5 Build/MMB29S)"
192.168.141.141 - - [04/Mar/2016:17:34:54 +0800] "POST /version/getNewVersionNo HTTP/1.1" 200 151 "-" "Dalvik/2.1.0 (Linux; U; Android 6.0.1; Nexus 5 Build/MMB29S)"
172.17.100.229 - - [04/Mar/2016:17:35:03 +0800] "POST /message/getLatestMessagesForYouJiaoTong HTTP/1.1" 200 64 "-" "-"
192.168.163.51 - - [04/Mar/2016:17:35:06 +0800] "POST /registe/batchRegisteForElectronicCard HTTP/1.1" 200 90 "-" "Jakarta Commons-HttpClient/3.1"
192.168.141.141 - - [04/Mar/2016:17:35:14 +0800] "POST /version/getNewVersionNo HTTP/1.1" 200 151 "-" "Dalvik/2.1.0 (Linux; U; Android 6.0.1; Nexus 5 Build/MMB29S)"
192.168.141.141 - - [04/Mar/2016:17:35:34 +0800] "POST /version/getNewVersionNo HTTP/1.1" 200 151 "-" "Dalvik/2.1.0 (Linux; U; Android 6.0.1; Nexus 5 Build/MMB29S)"
192.168.141.141 - - [04/Mar/2016:17:35:54 +0800] "POST /version/getNewVersionNo HTTP/1.1" 200 151 "-" "Dalvik/2.1.0 (Linux; U; Android 6.0.1; Nexus 5 Build/MMB29S)"
192.168.163.51 - - [04/Mar/2016:17:36:08 +0800] "POST /registe/batchRegisteForElectronicCard HTTP/1.1" 200 90 "-" "Jakarta Commons-HttpClient/3.1"
192.168.141.141 - - [04/Mar/2016:17:36:14 +0800] "POST /version/getNewVersionNo HTTP/1.1" 200 151 "-" "Dalvik/2.1.0 (Linux; U; Android 6.0.1; Nexus 5 Build/MMB29S)"
192.168.141.141 - - [04/Mar/2016:17:36:34 +0800] "POST /version/getNewVersionNo HTTP/1.1" 200 151 "-" "Dalvik/2.1.0 (Linux; U; Android 6.0.1; Nexus 5 Build/MMB29S)"
192.168.141.141 - - [04/Mar/2016:17:36:54 +0800] "POST /version/getNewVersionNo HTTP/1.1" 200 151 "-" "Dalvik/2.1.0 (Linux; U; Android 6.0.1; Nexus 5 Build/MMB29S)"
192.168.163.51 - - [04/Mar/2016:17:37:06 +0800] "POST /registe/batchRegisteForElectronicCard HTTP/1.1" 200 90 "-" "Jakarta Commons-HttpClient/3.1"
192.168.141.141 - - [04/Mar/2016:17:37:14 +0800] "POST /version/getNewVersionNo HTTP/1.1" 200 151 "-" "Dalvik/2.1.0 (Linux; U; Android 6.0.1; Nexus 5 Build/MMB29S)"
172.17.100.229 - - [04/Mar/2016:17:37:16 +0800] "POST /message/getLatestMessagesForYouJiaoTong HTTP/1.1" 200 64 "-" "-"
192.168.141.141 - - [04/Mar/2016:17:37:34 +0800] "POST /version/getNewVersionNo HTTP/1.1" 200 151 "-" "Dalvik/2.1.0 (Linux; U; Android 6.0.1; Nexus 5 Build/MMB29S)"
192.168.141.141 - - [04/Mar/2016:17:37:54 +0800] "POST /version/getNewVersionNo HTTP/1.1" 200 151 "-" "Dalvik/2.1.0 (Linux; U; Android 6.0.1; Nexus 5 Build/MMB29S)"
192.168.163.51 - - [04/Mar/2016:17:38:06 +0800] "POST /registe/batchRegisteForElectronicCard HTTP/1.1" 200 90 "-" "Jakarta Commons-HttpClient/3.1"
192.168.141.141 - - [04/Mar/2016:17:38:14 +0800] "POST /version/getNewVersionNo HTTP/1.1" 200 151 "-" "Dalvik/2.1.0 (Linux; U; Android 6.0.1; Nexus 5 Build/MMB29S)"
192.168.141.141 - - [04/Mar/2016:17:38:34 +0800] "POST /version/getNewVersionNo HTTP/1.1" 200 151 "-" "Dalvik/2.1.0 (Linux; U; Android 6.0.1; Nexus 5 Build/MMB29S)"
192.168.141.141 - - [04/Mar/2016:17:38:54 +0800] "POST /version/getNewVersionNo HTTP/1.1" 200 151 "-" "Dalvik/2.1.0 (Linux; U; Android 6.0.1; Nexus 5 Build/MMB29S)"
192.168.141.141 - - [04/Mar/2016:17:39:03 +0800] "POST /addressbook/checkUpdate HTTP/1.1" 200 13 "-" "\xE4\xBC\x98\xE6\x95\x99\xE4\xBF\xA1\xE4\xBD\xBF 3.5.0 (iPhone; iPhone OS 9.2; zh_CN)"
192.168.163.51 - - [04/Mar/2016:17:39:07 +0800] "POST /registe/batchRegisteForElectronicCard HTTP/1.1" 200 90 "-" "Jakarta Commons-HttpClient/3.1"
192.168.141.141 - - [04/Mar/2016:17:39:14 +0800] "POST /version/getNewVersionNo HTTP/1.1" 200 151 "-" "Dalvik/2.1.0 (Linux; U; Android 6.0.1; Nexus 5 Build/MMB29S)"
192.168.141.141 - - [04/Mar/2016:17:39:21 +0800] "POST /message/getMessageTplByID HTTP/1.1" 200 2113 "-" "\xE4\xBC\x98\xE6\x95\x99\xE4\xBF\xA1\xE4\xBD\xBF 3.5.0 (iPhone; iPhone OS 9.2; zh_CN)"
192.168.141.141 - - [04/Mar/2016:17:39:21 +0800] "POST /message/getStatisticalInfos HTTP/1.1" 200 6841 "-" "\xE4\xBC\x98\xE6\x95\x99\xE4\xBF\xA1\xE4\xBD\xBF 3.5.0 (iPhone; iPhone OS 9.2; zh_CN)"
192.168.141.141 - - [04/Mar/2016:17:39:27 +0800] "POST /message/sendMessageForUxin HTTP/1.1" 200 801 "-" "\xE4\xBC\x98\xE6\x95\x99\xE4\xBF\xA1\xE4\xBD\xBF 3.5.0 (iPhone; iPhone OS 9.2; zh_CN)"
192.168.141.141 - - [04/Mar/2016:17:39:28 +0800] "POST /message/getStatisticalInfos HTTP/1.1" 200 6841 "-" "\xE4\xBC\x98\xE6\x95\x99\xE4\xBF\xA1\xE4\xBD\xBF 3.5.0 (iPhone; iPhone OS 9.2; zh_CN)"
192.168.141.141 - - [04/Mar/2016:17:39:34 +0800] "POST /version/getNewVersionNo HTTP/1.1" 200 151 "-" "Dalvik/2.1.0 (Linux; U; Android 6.0.1; Nexus 5 Build/MMB29S)"
192.168.141.141 - - [04/Mar/2016:17:39:35 +0800] "POST /homework/querySubmit HTTP/1.1" 200 510 "-" "\xE4\xBC\x98\xE6\x95\x99\xE4\xBF\xA1\xE4\xBD\xBF 3.5.0 (iPhone; iPhone OS 9.2; zh_CN)"
192.168.141.141 - - [04/Mar/2016:17:39:38 +0800] "POST /message/sendMessageForUxin HTTP/1.1" 200 830 "-" "\xE4\xBC\x98\xE6\x95\x99\xE4\xBF\xA1\xE4\xBD\xBF 3.5.0 (iPhone; iPhone OS 9.2; zh_CN)"
192.168.141.141 - - [04/Mar/2016:17:39:54 +0800] "POST /version/getNewVersionNo HTTP/1.1" 200 151 "-" "Dalvik/2.1.0 (Linux; U; Android 6.0.1; Nexus 5 Build/MMB29S)"
192.168.163.51 - - [04/Mar/2016:17:40:06 +0800] "POST /registe/batchRegisteForElectronicCard HTTP/1.1" 200 90 "-" "Jakarta Commons-HttpClient/3.1"
192.168.141.141 - - [04/Mar/2016:17:40:14 +0800] "POST /version/getNewVersionNo HTTP/1.1" 200 151 "-" "Dalvik/2.1.0 (Linux; U; Android 6.0.1; Nexus 5 Build/MMB29S)"
192.168.141.141 - - [04/Mar/2016:17:40:34 +0800] "POST /version/getNewVersionNo HTTP/1.1" 200 151 "-" "Dalvik/2.1.0 (Linux; U; Android 6.0.1; Nexus 5 Build/MMB29S)"
192.168.141.141 - - [04/Mar/2016:17:40:54 +0800] "POST /version/getNewVersionNo HTTP/1.1" 200 151 "-" "Dalvik/2.1.0 (Linux; U; Android 6.0.1; Nexus 5 Build/MMB29S)"
192.168.163.51 - - [04/Mar/2016:17:41:06 +0800] "POST /registe/batchRegisteForElectronicCard HTTP/1.1" 200 90 "-" "Jakarta Commons-HttpClient/3.1"
192.168.141.141 - - [04/Mar/2016:17:41:14 +0800] "POST /version/getNewVersionNo HTTP/1.1" 200 151 "-" "Dalvik/2.1.0 (Linux; U; Android 6.0.1; Nexus 5 Build/MMB29S)"
192.168.141.141 - - [04/Mar/2016:17:41:34 +0800] "POST /version/getNewVersionNo HTTP/1.1" 200 151 "-" "Dalvik/2.1.0 (Linux; U; Android 6.0.1; Nexus 5 Build/MMB29S)"
192.168.141.141 - - [04/Mar/2016:17:41:54 +0800] "POST /version/getNewVersionNo HTTP/1.1" 200 151 "-" "Dalvik/2.1.0 (Linux; U; Android 6.0.1; Nexus 5 Build/MMB29S)"
192.168.163.51 - - [04/Mar/2016:17:42:08 +0800] "POST /registe/batchRegisteForElectronicCard HTTP/1.1" 200 90 "-" "Jakarta Commons-HttpClient/3.1"
192.168.141.141 - - [04/Mar/2016:17:42:14 +0800] "POST /version/getNewVersionNo HTTP/1.1" 200 151 "-" "Dalvik/2.1.0 (Linux; U; Android 6.0.1; Nexus 5 Build/MMB29S)"
192.168.141.141 - - [04/Mar/2016:17:42:34 +0800] "POST /version/getNewVersionNo HTTP/1.1" 200 151 "-" "Dalvik/2.1.0 (Linux; U; Android 6.0.1; Nexus 5 Build/MMB29S)"
192.168.141.141 - - [04/Mar/2016:17:42:54 +0800] "POST /version/getNewVersionNo HTTP/1.1" 200 151 "-" "Dalvik/2.1.0 (Linux; U; Android 6.0.1; Nexus 5 Build/MMB29S)"
192.168.163.51 - - [04/Mar/2016:17:43:05 +0800] "POST /registe/batchRegisteForElectronicCard HTTP/1.1" 200 90 "-" "Jakarta Commons-HttpClient/3.1"
172.17.100.229 - - [04/Mar/2016:17:43:06 +0800] "POST /message/getLatestMessagesForYouJiaoTong HTTP/1.1" 200 64 "-" "-"
192.168.141.141 - - [04/Mar/2016:17:43:14 +0800] "POST /version/getNewVersionNo HTTP/1.1" 200 151 "-" "Dalvik/2.1.0 (Linux; U; Android 6.0.1; Nexus 5 Build/MMB29S)"
192.168.141.141 - - [04/Mar/2016:17:43:34 +0800] "POST /version/getNewVersionNo HTTP/1.1" 200 151 "-" "Dalvik/2.1.0 (Linux; U; Android 6.0.1; Nexus 5 Build/MMB29S)"
192.168.141.141 - - [04/Mar/2016:17:43:54 +0800] "POST /version/getNewVersionNo HTTP/1.1" 200 151 "-" "Dalvik/2.1.0 (Linux; U; Android 6.0.1; Nexus 5 Build/MMB29S)"
192.168.163.51 - - [04/Mar/2016:17:44:06 +0800] "POST /registe/batchRegisteForElectronicCard HTTP/1.1" 200 90 "-" "Jakarta Commons-HttpClient/3.1"
192.168.141.141 - - [04/Mar/2016:17:44:14 +0800] "POST /version/getNewVersionNo HTTP/1.1" 200 151 "-" "Dalvik/2.1.0 (Linux; U; Android 6.0.1; Nexus 5 Build/MMB29S)"
192.168.141.141 - - [04/Mar/2016:17:44:34 +0800] "POST /version/getNewVersionNo HTTP/1.1" 200 151 "-" "Dalvik/2.1.0 (Linux; U; Android 6.0.1; Nexus 5 Build/MMB29S)"
192.168.141.141 - - [04/Mar/2016:17:44:54 +0800] "POST /version/getNewVersionNo HTTP/1.1" 200 151 "-" "Dalvik/2.1.0 (Linux; U; Android 6.0.1; Nexus 5 Build/MMB29S)"
192.168.163.51 - - [04/Mar/2016:17:45:08 +0800] "POST /registe/batchRegisteForElectronicCard HTTP/1.1" 200 90 "-" "Jakarta Commons-HttpClient/3.1"
192.168.141.141 - - [04/Mar/2016:17:45:14 +0800] "POST /version/getNewVersionNo HTTP/1.1" 200 151 "-" "Dalvik/2.1.0 (Linux; U; Android 6.0.1; Nexus 5 Build/MMB29S)"
192.168.141.141 - - [04/Mar/2016:17:45:34 +0800] "POST /version/getNewVersionNo HTTP/1.1" 200 151 "-" "Dalvik/2.1.0 (Linux; U; Android 6.0.1; Nexus 5 Build/MMB29S)"
172.17.100.229 - - [04/Mar/2016:17:45:40 +0800] "POST /message/getLatestMessagesForYouJiaoTong HTTP/1.1" 200 64 "-" "-"
192.168.141.141 - - [04/Mar/2016:17:45:54 +0800] "POST /version/getNewVersionNo HTTP/1.1" 200 151 "-" "Dalvik/2.1.0 (Linux; U; Android 6.0.1; Nexus 5 Build/MMB29S)"
192.168.163.51 - - [04/Mar/2016:17:46:05 +0800] "POST /registe/batchRegisteForElectronicCard HTTP/1.1" 200 90 "-" "Jakarta Commons-HttpClient/3.1"
192.168.141.141 - - [04/Mar/2016:17:46:14 +0800] "POST /version/getNewVersionNo HTTP/1.1" 200 151 "-" "Dalvik/2.1.0 (Linux; U; Android 6.0.1; Nexus 5 Build/MMB29S)"
192.168.141.141 - - [04/Mar/2016:17:46:34 +0800] "POST /version/getNewVersionNo HTTP/1.1" 200 151 "-" "Dalvik/2.1.0 (Linux; U; Android 6.0.1; Nexus 5 Build/MMB29S)"
192.168.141.141 - - [04/Mar/2016:17:46:54 +0800] "POST /version/getNewVersionNo HTTP/1.1" 200 151 "-" "Dalvik/2.1.0 (Linux; U; Android 6.0.1; Nexus 5 Build/MMB29S)"
192.168.163.51 - - [04/Mar/2016:17:47:06 +0800] "POST /registe/batchRegisteForElectronicCard HTTP/1.1" 200 90 "-" "Jakarta Commons-HttpClient/3.1"
192.168.141.141 - - [04/Mar/2016:17:47:14 +0800] "POST /version/getNewVersionNo HTTP/1.1" 200 151 "-" "Dalvik/2.1.0 (Linux; U; Android 6.0.1; Nexus 5 Build/MMB29S)"
172.17.100.229 - - [04/Mar/2016:17:47:17 +0800] "POST /message/getLatestMessagesForYouJiaoTong HTTP/1.1" 200 64 "-" "-"
192.168.141.141 - - [04/Mar/2016:17:47:34 +0800] "POST /version/getNewVersionNo HTTP/1.1" 200 151 "-" "Dalvik/2.1.0 (Linux; U; Android 6.0.1; Nexus 5 Build/MMB29S)"
192.168.141.141 - - [04/Mar/2016:17:47:54 +0800] "POST /version/getNewVersionNo HTTP/1.1" 200 151 "-" "Dalvik/2.1.0 (Linux; U; Android 6.0.1; Nexus 5 Build/MMB29S)"
192.168.147.22 - - [04/Mar/2016:17:47:59 +0800] "POST /message/getAdsContent HTTP/1.1" 200 64 "-" "Dalvik/1.6.0 (Linux; U; Android 4.4.4; MI 3W MIUI/V7.0.5.0.KXDCNCI)"
192.168.163.51 - - [04/Mar/2016:17:48:08 +0800] "POST /registe/batchRegisteForElectronicCard HTTP/1.1" 200 90 "-" "Jakarta Commons-HttpClient/3.1"
192.168.141.141 - - [04/Mar/2016:17:48:14 +0800] "POST /version/getNewVersionNo HTTP/1.1" 200 151 "-" "Dalvik/2.1.0 (Linux; U; Android 6.0.1; Nexus 5 Build/MMB29S)"
192.168.141.141 - - [04/Mar/2016:17:48:34 +0800] "POST /version/getNewVersionNo HTTP/1.1" 200 151 "-" "Dalvik/2.1.0 (Linux; U; Android 6.0.1; Nexus 5 Build/MMB29S)"
192.168.141.141 - - [04/Mar/2016:17:48:54 +0800] "POST /version/getNewVersionNo HTTP/1.1" 200 151 "-" "Dalvik/2.1.0 (Linux; U; Android 6.0.1; Nexus 5 Build/MMB29S)"
172.17.100.229 - - [04/Mar/2016:17:48:54 +0800] "POST /message/getLatestMessagesForYouJiaoTong HTTP/1.1" 200 64 "-" "-"
192.168.163.51 - - [04/Mar/2016:17:49:05 +0800] "POST /registe/batchRegisteForElectronicCard HTTP/1.1" 200 90 "-" "Jakarta Commons-HttpClient/3.1"
