192.168.141.141 - - [04/Mar/2016:19:04:54 +0800] "POST /version/getNewVersionNo HTTP/1.1" 200 151 "-" "Dalvik/2.1.0 (Linux; U; Android 6.0.1; Nexus 5 Build/MMB29S)"
192.168.163.51 - - [04/Mar/2016:19:05:06 +0800] "POST /registe/batchRegisteForElectronicCard HTTP/1.1" 200 90 "-" "Jakarta Commons-HttpClient/3.1"
192.168.141.141 - - [04/Mar/2016:19:05:14 +0800] "POST /version/getNewVersionNo HTTP/1.1" 200 151 "-" "Dalvik/2.1.0 (Linux; U; Android 6.0.1; Nexus 5 Build/MMB29S)"
192.168.141.141 - - [04/Mar/2016:19:05:34 +0800] "POST /version/getNewVersionNo HTTP/1.1" 200 151 "-" "Dalvik/2.1.0 (Linux; U; Android 6.0.1; Nexus 5 Build/MMB29S)"
172.17.100.229 - - [04/Mar/2016:19:05:40 +0800] "POST /message/getLatestMessagesForYouJiaoTong HTTP/1.1" 200 64 "-" "-"
192.168.141.141 - - [04/Mar/2016:19:05:54 +0800] "POST /version/getNewVersionNo HTTP/1.1" 200 151 "-" "Dalvik/2.1.0 (Linux; U; Android 6.0.1; Nexus 5 Build/MMB29S)"
192.168.163.51 - - [04/Mar/2016:19:06:09 +0800] "POST /registe/batchRegisteForElectronicCard HTTP/1.1" 200 90 "-" "Jakarta Commons-HttpClient/3.1"
192.168.141.141 - - [04/Mar/2016:19:06:14 +0800] "POST /version/getNewVersionNo HTTP/1.1" 200 151 "-" "Dalvik/2.1.0 (Linux; U; Android 6.0.1; Nexus 5 Build/MMB29S)"
192.168.141.141 - - [04/Mar/2016:19:06:34 +0800] "POST /version/getNewVersionNo HTTP/1.1" 200 151 "-" "Dalvik/2.1.0 (Linux; U; Android 6.0.1; Nexus 5 Build/MMB29S)"
192.168.141.141 - - [04/Mar/2016:19:06:54 +0800] "POST /version/getNewVersionNo HTTP/1.1" 200 151 "-" "Dalvik/2.1.0 (Linux; U; Android 6.0.1; Nexus 5 Build/MMB29S)"
192.168.163.51 - - [04/Mar/2016:19:07:06 +0800] "POST /registe/batchRegisteForElectronicCard HTTP/1.1" 200 90 "-" "Jakarta Commons-HttpClient/3.1"
192.168.141.141 - - [04/Mar/2016:19:07:14 +0800] "POST /version/getNewVersionNo HTTP/1.1" 200 151 "-" "Dalvik/2.1.0 (Linux; U; Android 6.0.1; Nexus 5 Build/MMB29S)"
192.168.141.141 - - [04/Mar/2016:19:07:34 +0800] "POST /version/getNewVersionNo HTTP/1.1" 200 151 "-" "Dalvik/2.1.0 (Linux; U; Android 6.0.1; Nexus 5 Build/MMB29S)"
192.168.141.141 - - [04/Mar/2016:19:07:54 +0800] "POST /version/getNewVersionNo HTTP/1.1" 200 151 "-" "Dalvik/2.1.0 (Linux; U; Android 6.0.1; Nexus 5 Build/MMB29S)"
192.168.163.51 - - [04/Mar/2016:19:08:06 +0800] "POST /registe/batchRegisteForElectronicCard HTTP/1.1" 200 90 "-" "Jakarta Commons-HttpClient/3.1"
192.168.141.141 - - [04/Mar/2016:19:08:14 +0800] "POST /version/getNewVersionNo HTTP/1.1" 200 151 "-" "Dalvik/2.1.0 (Linux; U; Android 6.0.1; Nexus 5 Build/MMB29S)"
192.168.141.141 - - [04/Mar/2016:19:08:34 +0800] "POST /version/getNewVersionNo HTTP/1.1" 200 151 "-" "Dalvik/2.1.0 (Linux; U; Android 6.0.1; Nexus 5 Build/MMB29S)"
192.168.141.141 - - [04/Mar/2016:19:08:54 +0800] "POST /version/getNewVersionNo HTTP/1.1" 200 151 "-" "Dalvik/2.1.0 (Linux; U; Android 6.0.1; Nexus 5 Build/MMB29S)"
192.168.163.51 - - [04/Mar/2016:19:09:07 +0800] "POST /registe/batchRegisteForElectronicCard HTTP/1.1" 200 90 "-" "Jakarta Commons-HttpClient/3.1"
192.168.141.141 - - [04/Mar/2016:19:09:14 +0800] "POST /version/getNewVersionNo HTTP/1.1" 200 151 "-" "Dalvik/2.1.0 (Linux; U; Android 6.0.1; Nexus 5 Build/MMB29S)"
192.168.141.141 - - [04/Mar/2016:19:09:34 +0800] "POST /version/getNewVersionNo HTTP/1.1" 200 151 "-" "Dalvik/2.1.0 (Linux; U; Android 6.0.1; Nexus 5 Build/MMB29S)"
192.168.141.141 - - [04/Mar/2016:19:09:54 +0800] "POST /version/getNewVersionNo HTTP/1.1" 200 151 "-" "Dalvik/2.1.0 (Linux; U; Android 6.0.1; Nexus 5 Build/MMB29S)"
192.168.163.51 - - [04/Mar/2016:19:10:05 +0800] "POST /registe/batchRegisteForElectronicCard HTTP/1.1" 200 90 "-" "Jakarta Commons-HttpClient/3.1"
192.168.141.141 - - [04/Mar/2016:19:10:14 +0800] "POST /version/getNewVersionNo HTTP/1.1" 200 151 "-" "Dalvik/2.1.0 (Linux; U; Android 6.0.1; Nexus 5 Build/MMB29S)"
192.168.141.141 - - [04/Mar/2016:19:10:34 +0800] "POST /version/getNewVersionNo HTTP/1.1" 200 151 "-" "Dalvik/2.1.0 (Linux; U; Android 6.0.1; Nexus 5 Build/MMB29S)"
192.168.141.141 - - [04/Mar/2016:19:10:54 +0800] "POST /version/getNewVersionNo HTTP/1.1" 200 151 "-" "Dalvik/2.1.0 (Linux; U; Android 6.0.1; Nexus 5 Build/MMB29S)"
192.168.163.51 - - [04/Mar/2016:19:11:06 +0800] "POST /registe/batchRegisteForElectronicCard HTTP/1.1" 200 90 "-" "Jakarta Commons-HttpClient/3.1"
192.168.141.141 - - [04/Mar/2016:19:11:14 +0800] "POST /version/getNewVersionNo HTTP/1.1" 200 151 "-" "Dalvik/2.1.0 (Linux; U; Android 6.0.1; Nexus 5 Build/MMB29S)"
192.168.141.141 - - [04/Mar/2016:19:11:34 +0800] "POST /version/getNewVersionNo HTTP/1.1" 200 151 "-" "Dalvik/2.1.0 (Linux; U; Android 6.0.1; Nexus 5 Build/MMB29S)"
192.168.141.141 - - [04/Mar/2016:19:11:54 +0800] "POST /version/getNewVersionNo HTTP/1.1" 200 151 "-" "Dalvik/2.1.0 (Linux; U; Android 6.0.1; Nexus 5 Build/MMB29S)"
192.168.163.51 - - [04/Mar/2016:19:12:08 +0800] "POST /registe/batchRegisteForElectronicCard HTTP/1.1" 200 90 "-" "Jakarta Commons-HttpClient/3.1"
192.168.141.141 - - [04/Mar/2016:19:12:14 +0800] "POST /version/getNewVersionNo HTTP/1.1" 200 151 "-" "Dalvik/2.1.0 (Linux; U; Android 6.0.1; Nexus 5 Build/MMB29S)"
192.168.141.141 - - [04/Mar/2016:19:12:34 +0800] "POST /version/getNewVersionNo HTTP/1.1" 200 151 "-" "Dalvik/2.1.0 (Linux; U; Android 6.0.1; Nexus 5 Build/MMB29S)"
192.168.141.141 - - [04/Mar/2016:19:12:54 +0800] "POST /version/getNewVersionNo HTTP/1.1" 200 151 "-" "Dalvik/2.1.0 (Linux; U; Android 6.0.1; Nexus 5 Build/MMB29S)"
192.168.163.51 - - [04/Mar/2016:19:13:06 +0800] "POST /registe/batchRegisteForElectronicCard HTTP/1.1" 200 90 "-" "Jakarta Commons-HttpClient/3.1"
192.168.141.141 - - [04/Mar/2016:19:13:14 +0800] "POST /version/getNewVersionNo HTTP/1.1" 200 151 "-" "Dalvik/2.1.0 (Linux; U; Android 6.0.1; Nexus 5 Build/MMB29S)"
192.168.141.141 - - [04/Mar/2016:19:13:34 +0800] "POST /version/getNewVersionNo HTTP/1.1" 200 151 "-" "Dalvik/2.1.0 (Linux; U; Android 6.0.1; Nexus 5 Build/MMB29S)"
192.168.141.141 - - [04/Mar/2016:19:13:54 +0800] "POST /version/getNewVersionNo HTTP/1.1" 200 151 "-" "Dalvik/2.1.0 (Linux; U; Android 6.0.1; Nexus 5 Build/MMB29S)"
192.168.163.51 - - [04/Mar/2016:19:14:06 +0800] "POST /registe/batchRegisteForElectronicCard HTTP/1.1" 200 90 "-" "Jakarta Commons-HttpClient/3.1"
192.168.141.141 - - [04/Mar/2016:19:14:14 +0800] "POST /version/getNewVersionNo HTTP/1.1" 200 151 "-" "Dalvik/2.1.0 (Linux; U; Android 6.0.1; Nexus 5 Build/MMB29S)"
192.168.141.141 - - [04/Mar/2016:19:14:34 +0800] "POST /version/getNewVersionNo HTTP/1.1" 200 151 "-" "Dalvik/2.1.0 (Linux; U; Android 6.0.1; Nexus 5 Build/MMB29S)"
192.168.141.141 - - [04/Mar/2016:19:14:54 +0800] "POST /version/getNewVersionNo HTTP/1.1" 200 151 "-" "Dalvik/2.1.0 (Linux; U; Android 6.0.1; Nexus 5 Build/MMB29S)"
192.168.163.51 - - [04/Mar/2016:19:15:08 +0800] "POST /registe/batchRegisteForElectronicCard HTTP/1.1" 200 90 "-" "Jakarta Commons-HttpClient/3.1"
192.168.141.141 - - [04/Mar/2016:19:15:14 +0800] "POST /version/getNewVersionNo HTTP/1.1" 200 151 "-" "Dalvik/2.1.0 (Linux; U; Android 6.0.1; Nexus 5 Build/MMB29S)"
192.168.141.141 - - [04/Mar/2016:19:15:34 +0800] "POST /version/getNewVersionNo HTTP/1.1" 200 151 "-" "Dalvik/2.1.0 (Linux; U; Android 6.0.1; Nexus 5 Build/MMB29S)"
192.168.141.141 - - [04/Mar/2016:19:15:54 +0800] "POST /version/getNewVersionNo HTTP/1.1" 200 151 "-" "Dalvik/2.1.0 (Linux; U; Android 6.0.1; Nexus 5 Build/MMB29S)"
192.168.163.51 - - [04/Mar/2016:19:16:06 +0800] "POST /registe/batchRegisteForElectronicCard HTTP/1.1" 200 90 "-" "Jakarta Commons-HttpClient/3.1"
192.168.141.141 - - [04/Mar/2016:19:16:14 +0800] "POST /version/getNewVersionNo HTTP/1.1" 200 151 "-" "Dalvik/2.1.0 (Linux; U; Android 6.0.1; Nexus 5 Build/MMB29S)"
192.168.141.141 - - [04/Mar/2016:19:16:34 +0800] "POST /version/getNewVersionNo HTTP/1.1" 200 151 "-" "Dalvik/2.1.0 (Linux; U; Android 6.0.1; Nexus 5 Build/MMB29S)"
192.168.141.141 - - [04/Mar/2016:19:16:54 +0800] "POST /version/getNewVersionNo HTTP/1.1" 200 151 "-" "Dalvik/2.1.0 (Linux; U; Android 6.0.1; Nexus 5 Build/MMB29S)"
192.168.163.51 - - [04/Mar/2016:19:17:06 +0800] "POST /registe/batchRegisteForElectronicCard HTTP/1.1" 200 90 "-" "Jakarta Commons-HttpClient/3.1"
192.168.141.141 - - [04/Mar/2016:19:17:14 +0800] "POST /version/getNewVersionNo HTTP/1.1" 200 151 "-" "Dalvik/2.1.0 (Linux; U; Android 6.0.1; Nexus 5 Build/MMB29S)"
172.17.100.229 - - [04/Mar/2016:19:17:16 +0800] "POST /message/getLatestMessagesForYouJiaoTong HTTP/1.1" 200 64 "-" "-"
192.168.141.141 - - [04/Mar/2016:19:17:34 +0800] "POST /version/getNewVersionNo HTTP/1.1" 200 151 "-" "Dalvik/2.1.0 (Linux; U; Android 6.0.1; Nexus 5 Build/MMB29S)"
192.168.141.141 - - [04/Mar/2016:19:17:54 +0800] "POST /version/getNewVersionNo HTTP/1.1" 200 151 "-" "Dalvik/2.1.0 (Linux; U; Android 6.0.1; Nexus 5 Build/MMB29S)"
192.168.163.51 - - [04/Mar/2016:19:18:08 +0800] "POST /registe/batchRegisteForElectronicCard HTTP/1.1" 200 90 "-" "Jakarta Commons-HttpClient/3.1"
192.168.141.141 - - [04/Mar/2016:19:18:14 +0800] "POST /version/getNewVersionNo HTTP/1.1" 200 151 "-" "Dalvik/2.1.0 (Linux; U; Android 6.0.1; Nexus 5 Build/MMB29S)"
192.168.141.141 - - [04/Mar/2016:19:18:34 +0800] "POST /version/getNewVersionNo HTTP/1.1" 200 151 "-" "Dalvik/2.1.0 (Linux; U; Android 6.0.1; Nexus 5 Build/MMB29S)"
192.168.141.141 - - [04/Mar/2016:19:18:54 +0800] "POST /version/getNewVersionNo HTTP/1.1" 200 151 "-" "Dalvik/2.1.0 (Linux; U; Android 6.0.1; Nexus 5 Build/MMB29S)"
192.168.163.51 - - [04/Mar/2016:19:19:05 +0800] "POST /registe/batchRegisteForElectronicCard HTTP/1.1" 200 90 "-" "Jakarta Commons-HttpClient/3.1"
192.168.141.141 - - [04/Mar/2016:19:19:14 +0800] "POST /version/getNewVersionNo HTTP/1.1" 200 151 "-" "Dalvik/2.1.0 (Linux; U; Android 6.0.1; Nexus 5 Build/MMB29S)"
192.168.141.141 - - [04/Mar/2016:19:19:34 +0800] "POST /version/getNewVersionNo HTTP/1.1" 200 151 "-" "Dalvik/2.1.0 (Linux; U; Android 6.0.1; Nexus 5 Build/MMB29S)"
192.168.141.141 - - [04/Mar/2016:19:19:54 +0800] "POST /version/getNewVersionNo HTTP/1.1" 200 151 "-" "Dalvik/2.1.0 (Linux; U; Android 6.0.1; Nexus 5 Build/MMB29S)"
192.168.163.51 - - [04/Mar/2016:19:20:06 +0800] "POST /registe/batchRegisteForElectronicCard HTTP/1.1" 200 90 "-" "Jakarta Commons-HttpClient/3.1"
192.168.141.141 - - [04/Mar/2016:19:20:14 +0800] "POST /version/getNewVersionNo HTTP/1.1" 200 151 "-" "Dalvik/2.1.0 (Linux; U; Android 6.0.1; Nexus 5 Build/MMB29S)"
192.168.141.141 - - [04/Mar/2016:19:20:34 +0800] "POST /version/getNewVersionNo HTTP/1.1" 200 151 "-" "Dalvik/2.1.0 (Linux; U; Android 6.0.1; Nexus 5 Build/MMB29S)"
192.168.141.141 - - [04/Mar/2016:19:20:54 +0800] "POST /version/getNewVersionNo HTTP/1.1" 200 151 "-" "Dalvik/2.1.0 (Linux; U; Android 6.0.1; Nexus 5 Build/MMB29S)"
192.168.163.51 - - [04/Mar/2016:19:21:08 +0800] "POST /registe/batchRegisteForElectronicCard HTTP/1.1" 200 90 "-" "Jakarta Commons-HttpClient/3.1"
192.168.141.141 - - [04/Mar/2016:19:21:14 +0800] "POST /version/getNewVersionNo HTTP/1.1" 200 151 "-" "Dalvik/2.1.0 (Linux; U; Android 6.0.1; Nexus 5 Build/MMB29S)"
192.168.141.141 - - [04/Mar/2016:19:21:34 +0800] "POST /version/getNewVersionNo HTTP/1.1" 200 151 "-" "Dalvik/2.1.0 (Linux; U; Android 6.0.1; Nexus 5 Build/MMB29S)"
192.168.141.141 - - [04/Mar/2016:19:21:54 +0800] "POST /version/getNewVersionNo HTTP/1.1" 200 151 "-" "Dalvik/2.1.0 (Linux; U; Android 6.0.1; Nexus 5 Build/MMB29S)"
192.168.163.51 - - [04/Mar/2016:19:22:06 +0800] "POST /registe/batchRegisteForElectronicCard HTTP/1.1" 200 90 "-" "Jakarta Commons-HttpClient/3.1"
192.168.141.141 - - [04/Mar/2016:19:22:14 +0800] "POST /version/getNewVersionNo HTTP/1.1" 200 151 "-" "Dalvik/2.1.0 (Linux; U; Android 6.0.1; Nexus 5 Build/MMB29S)"
192.168.141.141 - - [04/Mar/2016:19:22:34 +0800] "POST /version/getNewVersionNo HTTP/1.1" 200 151 "-" "Dalvik/2.1.0 (Linux; U; Android 6.0.1; Nexus 5 Build/MMB29S)"
192.168.141.141 - - [04/Mar/2016:19:22:54 +0800] "POST /version/getNewVersionNo HTTP/1.1" 200 151 "-" "Dalvik/2.1.0 (Linux; U; Android 6.0.1; Nexus 5 Build/MMB29S)"
192.168.163.51 - - [04/Mar/2016:19:23:06 +0800] "POST /registe/batchRegisteForElectronicCard HTTP/1.1" 200 90 "-" "Jakarta Commons-HttpClient/3.1"
172.17.100.229 - - [04/Mar/2016:19:23:06 +0800] "POST /message/getLatestMessagesForYouJiaoTong HTTP/1.1" 200 64 "-" "-"
192.168.141.141 - - [04/Mar/2016:19:23:14 +0800] "POST /version/getNewVersionNo HTTP/1.1" 200 151 "-" "Dalvik/2.1.0 (Linux; U; Android 6.0.1; Nexus 5 Build/MMB29S)"
192.168.141.141 - - [04/Mar/2016:19:23:34 +0800] "POST /version/getNewVersionNo HTTP/1.1" 200 151 "-" "Dalvik/2.1.0 (Linux; U; Android 6.0.1; Nexus 5 Build/MMB29S)"
192.168.141.141 - - [04/Mar/2016:19:23:54 +0800] "POST /version/getNewVersionNo HTTP/1.1" 200 151 "-" "Dalvik/2.1.0 (Linux; U; Android 6.0.1; Nexus 5 Build/MMB29S)"
192.168.163.51 - - [04/Mar/2016:19:24:09 +0800] "POST /registe/batchRegisteForElectronicCard HTTP/1.1" 200 90 "-" "Jakarta Commons-HttpClient/3.1"
192.168.141.141 - - [04/Mar/2016:19:24:14 +0800] "POST /version/getNewVersionNo HTTP/1.1" 200 151 "-" "Dalvik/2.1.0 (Linux; U; Android 6.0.1; Nexus 5 Build/MMB29S)"
192.168.141.141 - - [04/Mar/2016:19:24:34 +0800] "POST /version/getNewVersionNo HTTP/1.1" 200 151 "-" "Dalvik/2.1.0 (Linux; U; Android 6.0.1; Nexus 5 Build/MMB29S)"
192.168.141.141 - - [04/Mar/2016:19:24:54 +0800] "POST /version/getNewVersionNo HTTP/1.1" 200 151 "-" "Dalvik/2.1.0 (Linux; U; Android 6.0.1; Nexus 5 Build/MMB29S)"
192.168.163.51 - - [04/Mar/2016:19:25:06 +0800] "POST /registe/batchRegisteForElectronicCard HTTP/1.1" 200 90 "-" "Jakarta Commons-HttpClient/3.1"
192.168.141.141 - - [04/Mar/2016:19:25:14 +0800] "POST /version/getNewVersionNo HTTP/1.1" 200 151 "-" "Dalvik/2.1.0 (Linux; U; Android 6.0.1; Nexus 5 Build/MMB29S)"
192.168.141.141 - - [04/Mar/2016:19:25:34 +0800] "POST /version/getNewVersionNo HTTP/1.1" 200 151 "-" "Dalvik/2.1.0 (Linux; U; Android 6.0.1; Nexus 5 Build/MMB29S)"
172.17.100.229 - - [04/Mar/2016:19:25:40 +0800] "POST /message/getLatestMessagesForYouJiaoTong HTTP/1.1" 200 64 "-" "-"
192.168.141.141 - - [04/Mar/2016:19:25:54 +0800] "POST /version/getNewVersionNo HTTP/1.1" 200 151 "-" "Dalvik/2.1.0 (Linux; U; Android 6.0.1; Nexus 5 Build/MMB29S)"
192.168.163.51 - - [04/Mar/2016:19:26:06 +0800] "POST /registe/batchRegisteForElectronicCard HTTP/1.1" 200 90 "-" "Jakarta Commons-HttpClient/3.1"
192.168.141.141 - - [04/Mar/2016:19:26:14 +0800] "POST /version/getNewVersionNo HTTP/1.1" 200 151 "-" "Dalvik/2.1.0 (Linux; U; Android 6.0.1; Nexus 5 Build/MMB29S)"
192.168.141.141 - - [04/Mar/2016:19:26:34 +0800] "POST /version/getNewVersionNo HTTP/1.1" 200 151 "-" "Dalvik/2.1.0 (Linux; U; Android 6.0.1; Nexus 5 Build/MMB29S)"
192.168.141.141 - - [04/Mar/2016:19:26:54 +0800] "POST /version/getNewVersionNo HTTP/1.1" 200 151 "-" "Dalvik/2.1.0 (Linux; U; Android 6.0.1; Nexus 5 Build/MMB29S)"
192.168.163.51 - - [04/Mar/2016:19:27:07 +0800] "POST /registe/batchRegisteForElectronicCard HTTP/1.1" 200 90 "-" "Jakarta Commons-HttpClient/3.1"
192.168.141.141 - - [04/Mar/2016:19:27:14 +0800] "POST /version/getNewVersionNo HTTP/1.1" 200 151 "-" "Dalvik/2.1.0 (Linux; U; Android 6.0.1; Nexus 5 Build/MMB29S)"
192.168.141.141 - - [04/Mar/2016:19:27:34 +0800] "POST /version/getNewVersionNo HTTP/1.1" 200 151 "-" "Dalvik/2.1.0 (Linux; U; Android 6.0.1; Nexus 5 Build/MMB29S)"
192.168.141.141 - - [04/Mar/2016:19:27:54 +0800] "POST /version/getNewVersionNo HTTP/1.1" 200 151 "-" "Dalvik/2.1.0 (Linux; U; Android 6.0.1; Nexus 5 Build/MMB29S)"
192.168.163.51 - - [04/Mar/2016:19:28:06 +0800] "POST /registe/batchRegisteForElectronicCard HTTP/1.1" 200 90 "-" "Jakarta Commons-HttpClient/3.1"
192.168.141.141 - - [04/Mar/2016:19:28:14 +0800] "POST /version/getNewVersionNo HTTP/1.1" 200 151 "-" "Dalvik/2.1.0 (Linux; U; Android 6.0.1; Nexus 5 Build/MMB29S)"
192.168.141.141 - - [04/Mar/2016:19:28:34 +0800] "POST /version/getNewVersionNo HTTP/1.1" 200 151 "-" "Dalvik/2.1.0 (Linux; U; Android 6.0.1; Nexus 5 Build/MMB29S)"
192.168.141.141 - - [04/Mar/2016:19:28:54 +0800] "POST /version/getNewVersionNo HTTP/1.1" 200 151 "-" "Dalvik/2.1.0 (Linux; U; Android 6.0.1; Nexus 5 Build/MMB29S)"
192.168.163.51 - - [04/Mar/2016:19:29:05 +0800] "POST /registe/batchRegisteForElectronicCard HTTP/1.1" 200 90 "-" "Jakarta Commons-HttpClient/3.1"
192.168.141.141 - - [04/Mar/2016:19:29:14 +0800] "POST /version/getNewVersionNo HTTP/1.1" 200 151 "-" "Dalvik/2.1.0 (Linux; U; Android 6.0.1; Nexus 5 Build/MMB29S)"
192.168.141.141 - - [04/Mar/2016:19:29:34 +0800] "POST /version/getNewVersionNo HTTP/1.1" 200 151 "-" "Dalvik/2.1.0 (Linux; U; Android 6.0.1; Nexus 5 Build/MMB29S)"
192.168.141.141 - - [04/Mar/2016:19:29:54 +0800] "POST /version/getNewVersionNo HTTP/1.1" 200 151 "-" "Dalvik/2.1.0 (Linux; U; Android 6.0.1; Nexus 5 Build/MMB29S)"
192.168.163.51 - - [04/Mar/2016:19:30:10 +0800] "POST /registe/batchRegisteForElectronicCard HTTP/1.1" 200 90 "-" "Jakarta Commons-HttpClient/3.1"
192.168.141.141 - - [04/Mar/2016:19:30:14 +0800] "POST /version/getNewVersionNo HTTP/1.1" 200 151 "-" "Dalvik/2.1.0 (Linux; U; Android 6.0.1; Nexus 5 Build/MMB29S)"
192.168.141.141 - - [04/Mar/2016:19:30:34 +0800] "POST /version/getNewVersionNo HTTP/1.1" 200 151 "-" "Dalvik/2.1.0 (Linux; U; Android 6.0.1; Nexus 5 Build/MMB29S)"
192.168.141.141 - - [04/Mar/2016:19:30:54 +0800] "POST /version/getNewVersionNo HTTP/1.1" 200 151 "-" "Dalvik/2.1.0 (Linux; U; Android 6.0.1; Nexus 5 Build/MMB29S)"
192.168.163.51 - - [04/Mar/2016:19:31:06 +0800] "POST /registe/batchRegisteForElectronicCard HTTP/1.1" 200 90 "-" "Jakarta Commons-HttpClient/3.1"
192.168.141.141 - - [04/Mar/2016:19:31:14 +0800] "POST /version/getNewVersionNo HTTP/1.1" 200 151 "-" "Dalvik/2.1.0 (Linux; U; Android 6.0.1; Nexus 5 Build/MMB29S)"
192.168.141.141 - - [04/Mar/2016:19:31:34 +0800] "POST /version/getNewVersionNo HTTP/1.1" 200 151 "-" "Dalvik/2.1.0 (Linux; U; Android 6.0.1; Nexus 5 Build/MMB29S)"
192.168.141.141 - - [04/Mar/2016:19:31:54 +0800] "POST /version/getNewVersionNo HTTP/1.1" 200 151 "-" "Dalvik/2.1.0 (Linux; U; Android 6.0.1; Nexus 5 Build/MMB29S)"
192.168.163.51 - - [04/Mar/2016:19:32:06 +0800] "POST /registe/batchRegisteForElectronicCard HTTP/1.1" 200 90 "-" "Jakarta Commons-HttpClient/3.1"
192.168.141.141 - - [04/Mar/2016:19:32:14 +0800] "POST /version/getNewVersionNo HTTP/1.1" 200 151 "-" "Dalvik/2.1.0 (Linux; U; Android 6.0.1; Nexus 5 Build/MMB29S)"
192.168.141.141 - - [04/Mar/2016:19:32:34 +0800] "POST /version/getNewVersionNo HTTP/1.1" 200 151 "-" "Dalvik/2.1.0 (Linux; U; Android 6.0.1; Nexus 5 Build/MMB29S)"
192.168.141.141 - - [04/Mar/2016:19:32:54 +0800] "POST /version/getNewVersionNo HTTP/1.1" 200 151 "-" "Dalvik/2.1.0 (Linux; U; Android 6.0.1; Nexus 5 Build/MMB29S)"
192.168.163.51 - - [04/Mar/2016:19:33:07 +0800] "POST /registe/batchRegisteForElectronicCard HTTP/1.1" 200 90 "-" "Jakarta Commons-HttpClient/3.1"
192.168.141.141 - - [04/Mar/2016:19:33:14 +0800] "POST /version/getNewVersionNo HTTP/1.1" 200 151 "-" "Dalvik/2.1.0 (Linux; U; Android 6.0.1; Nexus 5 Build/MMB29S)"
192.168.141.141 - - [04/Mar/2016:19:33:34 +0800] "POST /version/getNewVersionNo HTTP/1.1" 200 151 "-" "Dalvik/2.1.0 (Linux; U; Android 6.0.1; Nexus 5 Build/MMB29S)"
192.168.141.141 - - [04/Mar/2016:19:33:54 +0800] "POST /version/getNewVersionNo HTTP/1.1" 200 151 "-" "Dalvik/2.1.0 (Linux; U; Android 6.0.1; Nexus 5 Build/MMB29S)"
192.168.163.51 - - [04/Mar/2016:19:34:06 +0800] "POST /registe/batchRegisteForElectronicCard HTTP/1.1" 200 90 "-" "Jakarta Commons-HttpClient/3.1"
192.168.141.141 - - [04/Mar/2016:19:34:14 +0800] "POST /version/getNewVersionNo HTTP/1.1" 200 151 "-" "Dalvik/2.1.0 (Linux; U; Android 6.0.1; Nexus 5 Build/MMB29S)"
192.168.141.141 - - [04/Mar/2016:19:34:34 +0800] "POST /version/getNewVersionNo HTTP/1.1" 200 151 "-" "Dalvik/2.1.0 (Linux; U; Android 6.0.1; Nexus 5 Build/MMB29S)"
192.168.141.141 - - [04/Mar/2016:19:34:54 +0800] "POST /version/getNewVersionNo HTTP/1.1" 200 151 "-" "Dalvik/2.1.0 (Linux; U; Android 6.0.1; Nexus 5 Build/MMB29S)"
192.168.163.51 - - [04/Mar/2016:19:35:06 +0800] "POST /registe/batchRegisteForElectronicCard HTTP/1.1" 200 90 "-" "Jakarta Commons-HttpClient/3.1"
192.168.141.141 - - [04/Mar/2016:19:35:14 +0800] "POST /version/getNewVersionNo HTTP/1.1" 200 151 "-" "Dalvik/2.1.0 (Linux; U; Android 6.0.1; Nexus 5 Build/MMB29S)"
192.168.141.141 - - [04/Mar/2016:19:35:34 +0800] "POST /version/getNewVersionNo HTTP/1.1" 200 151 "-" "Dalvik/2.1.0 (Linux; U; Android 6.0.1; Nexus 5 Build/MMB29S)"
192.168.141.141 - - [04/Mar/2016:19:35:54 +0800] "POST /version/getNewVersionNo HTTP/1.1" 200 151 "-" "Dalvik/2.1.0 (Linux; U; Android 6.0.1; Nexus 5 Build/MMB29S)"
192.168.163.51 - - [04/Mar/2016:19:36:09 +0800] "POST /registe/batchRegisteForElectronicCard HTTP/1.1" 200 90 "-" "Jakarta Commons-HttpClient/3.1"
192.168.141.141 - - [04/Mar/2016:19:36:14 +0800] "POST /version/getNewVersionNo HTTP/1.1" 200 151 "-" "Dalvik/2.1.0 (Linux; U; Android 6.0.1; Nexus 5 Build/MMB29S)"
192.168.141.141 - - [04/Mar/2016:19:36:34 +0800] "POST /version/getNewVersionNo HTTP/1.1" 200 151 "-" "Dalvik/2.1.0 (Linux; U; Android 6.0.1; Nexus 5 Build/MMB29S)"
192.168.141.141 - - [04/Mar/2016:19:36:54 +0800] "POST /version/getNewVersionNo HTTP/1.1" 200 151 "-" "Dalvik/2.1.0 (Linux; U; Android 6.0.1; Nexus 5 Build/MMB29S)"
192.168.163.51 - - [04/Mar/2016:19:37:06 +0800] "POST /registe/batchRegisteForElectronicCard HTTP/1.1" 200 90 "-" "Jakarta Commons-HttpClient/3.1"
192.168.141.141 - - [04/Mar/2016:19:37:14 +0800] "POST /version/getNewVersionNo HTTP/1.1" 200 151 "-" "Dalvik/2.1.0 (Linux; U; Android 6.0.1; Nexus 5 Build/MMB29S)"
172.17.100.229 - - [04/Mar/2016:19:37:16 +0800] "POST /message/getLatestMessagesForYouJiaoTong HTTP/1.1" 200 64 "-" "-"
192.168.141.141 - - [04/Mar/2016:19:37:34 +0800] "POST /version/getNewVersionNo HTTP/1.1" 200 151 "-" "Dalvik/2.1.0 (Linux; U; Android 6.0.1; Nexus 5 Build/MMB29S)"
192.168.141.141 - - [04/Mar/2016:19:37:54 +0800] "POST /version/getNewVersionNo HTTP/1.1" 200 151 "-" "Dalvik/2.1.0 (Linux; U; Android 6.0.1; Nexus 5 Build/MMB29S)"
192.168.163.51 - - [04/Mar/2016:19:38:06 +0800] "POST /registe/batchRegisteForElectronicCard HTTP/1.1" 200 90 "-" "Jakarta Commons-HttpClient/3.1"
192.168.141.141 - - [04/Mar/2016:19:38:14 +0800] "POST /version/getNewVersionNo HTTP/1.1" 200 151 "-" "Dalvik/2.1.0 (Linux; U; Android 6.0.1; Nexus 5 Build/MMB29S)"
192.168.141.141 - - [04/Mar/2016:19:38:34 +0800] "POST /version/getNewVersionNo HTTP/1.1" 200 151 "-" "Dalvik/2.1.0 (Linux; U; Android 6.0.1; Nexus 5 Build/MMB29S)"
192.168.141.141 - - [04/Mar/2016:19:38:54 +0800] "POST /version/getNewVersionNo HTTP/1.1" 200 151 "-" "Dalvik/2.1.0 (Linux; U; Android 6.0.1; Nexus 5 Build/MMB29S)"
192.168.163.51 - - [04/Mar/2016:19:39:08 +0800] "POST /registe/batchRegisteForElectronicCard HTTP/1.1" 200 90 "-" "Jakarta Commons-HttpClient/3.1"
192.168.141.141 - - [04/Mar/2016:19:39:14 +0800] "POST /version/getNewVersionNo HTTP/1.1" 200 151 "-" "Dalvik/2.1.0 (Linux; U; Android 6.0.1; Nexus 5 Build/MMB29S)"
192.168.141.141 - - [04/Mar/2016:19:39:34 +0800] "POST /version/getNewVersionNo HTTP/1.1" 200 151 "-" "Dalvik/2.1.0 (Linux; U; Android 6.0.1; Nexus 5 Build/MMB29S)"
192.168.141.141 - - [04/Mar/2016:19:39:54 +0800] "POST /version/getNewVersionNo HTTP/1.1" 200 151 "-" "Dalvik/2.1.0 (Linux; U; Android 6.0.1; Nexus 5 Build/MMB29S)"
192.168.163.51 - - [04/Mar/2016:19:40:06 +0800] "POST /registe/batchRegisteForElectronicCard HTTP/1.1" 200 90 "-" "Jakarta Commons-HttpClient/3.1"
192.168.141.141 - - [04/Mar/2016:19:40:14 +0800] "POST /version/getNewVersionNo HTTP/1.1" 200 151 "-" "Dalvik/2.1.0 (Linux; U; Android 6.0.1; Nexus 5 Build/MMB29S)"
192.168.141.141 - - [04/Mar/2016:19:40:34 +0800] "POST /version/getNewVersionNo HTTP/1.1" 200 151 "-" "Dalvik/2.1.0 (Linux; U; Android 6.0.1; Nexus 5 Build/MMB29S)"
192.168.141.141 - - [04/Mar/2016:19:40:54 +0800] "POST /version/getNewVersionNo HTTP/1.1" 200 151 "-" "Dalvik/2.1.0 (Linux; U; Android 6.0.1; Nexus 5 Build/MMB29S)"
192.168.163.51 - - [04/Mar/2016:19:41:06 +0800] "POST /registe/batchRegisteForElectronicCard HTTP/1.1" 200 90 "-" "Jakarta Commons-HttpClient/3.1"
192.168.141.141 - - [04/Mar/2016:19:41:14 +0800] "POST /version/getNewVersionNo HTTP/1.1" 200 151 "-" "Dalvik/2.1.0 (Linux; U; Android 6.0.1; Nexus 5 Build/MMB29S)"
192.168.141.141 - - [04/Mar/2016:19:41:34 +0800] "POST /version/getNewVersionNo HTTP/1.1" 200 151 "-" "Dalvik/2.1.0 (Linux; U; Android 6.0.1; Nexus 5 Build/MMB29S)"
192.168.141.141 - - [04/Mar/2016:19:41:54 +0800] "POST /version/getNewVersionNo HTTP/1.1" 200 151 "-" "Dalvik/2.1.0 (Linux; U; Android 6.0.1; Nexus 5 Build/MMB29S)"
192.168.163.51 - - [04/Mar/2016:19:42:09 +0800] "POST /registe/batchRegisteForElectronicCard HTTP/1.1" 200 90 "-" "Jakarta Commons-HttpClient/3.1"
192.168.141.141 - - [04/Mar/2016:19:42:14 +0800] "POST /version/getNewVersionNo HTTP/1.1" 200 151 "-" "Dalvik/2.1.0 (Linux; U; Android 6.0.1; Nexus 5 Build/MMB29S)"
192.168.141.141 - - [04/Mar/2016:19:42:34 +0800] "POST /version/getNewVersionNo HTTP/1.1" 200 151 "-" "Dalvik/2.1.0 (Linux; U; Android 6.0.1; Nexus 5 Build/MMB29S)"
192.168.141.141 - - [04/Mar/2016:19:42:54 +0800] "POST /version/getNewVersionNo HTTP/1.1" 200 151 "-" "Dalvik/2.1.0 (Linux; U; Android 6.0.1; Nexus 5 Build/MMB29S)"
172.17.100.229 - - [04/Mar/2016:19:43:06 +0800] "POST /message/getLatestMessagesForYouJiaoTong HTTP/1.1" 200 64 "-" "-"
192.168.163.51 - - [04/Mar/2016:19:43:06 +0800] "POST /registe/batchRegisteForElectronicCard HTTP/1.1" 200 90 "-" "Jakarta Commons-HttpClient/3.1"
192.168.141.141 - - [04/Mar/2016:19:43:14 +0800] "POST /version/getNewVersionNo HTTP/1.1" 200 151 "-" "Dalvik/2.1.0 (Linux; U; Android 6.0.1; Nexus 5 Build/MMB29S)"
192.168.141.141 - - [04/Mar/2016:19:43:34 +0800] "POST /version/getNewVersionNo HTTP/1.1" 200 151 "-" "Dalvik/2.1.0 (Linux; U; Android 6.0.1; Nexus 5 Build/MMB29S)"
192.168.141.141 - - [04/Mar/2016:19:43:54 +0800] "POST /version/getNewVersionNo HTTP/1.1" 200 151 "-" "Dalvik/2.1.0 (Linux; U; Android 6.0.1; Nexus 5 Build/MMB29S)"
192.168.163.51 - - [04/Mar/2016:19:44:06 +0800] "POST /registe/batchRegisteForElectronicCard HTTP/1.1" 200 90 "-" "Jakarta Commons-HttpClient/3.1"
192.168.141.141 - - [04/Mar/2016:19:44:14 +0800] "POST /version/getNewVersionNo HTTP/1.1" 200 151 "-" "Dalvik/2.1.0 (Linux; U; Android 6.0.1; Nexus 5 Build/MMB29S)"
192.168.141.141 - - [04/Mar/2016:19:44:34 +0800] "POST /version/getNewVersionNo HTTP/1.1" 200 151 "-" "Dalvik/2.1.0 (Linux; U; Android 6.0.1; Nexus 5 Build/MMB29S)"
192.168.141.141 - - [04/Mar/2016:19:44:54 +0800] "POST /version/getNewVersionNo HTTP/1.1" 200 151 "-" "Dalvik/2.1.0 (Linux; U; Android 6.0.1; Nexus 5 Build/MMB29S)"
192.168.163.51 - - [04/Mar/2016:19:45:09 +0800] "POST /registe/batchRegisteForElectronicCard HTTP/1.1" 200 90 "-" "Jakarta Commons-HttpClient/3.1"
192.168.141.141 - - [04/Mar/2016:19:45:14 +0800] "POST /version/getNewVersionNo HTTP/1.1" 200 151 "-" "Dalvik/2.1.0 (Linux; U; Android 6.0.1; Nexus 5 Build/MMB29S)"
192.168.141.141 - - [04/Mar/2016:19:45:34 +0800] "POST /version/getNewVersionNo HTTP/1.1" 200 151 "-" "Dalvik/2.1.0 (Linux; U; Android 6.0.1; Nexus 5 Build/MMB29S)"
172.17.100.229 - - [04/Mar/2016:19:45:40 +0800] "POST /message/getLatestMessagesForYouJiaoTong HTTP/1.1" 200 64 "-" "-"
192.168.141.141 - - [04/Mar/2016:19:45:54 +0800] "POST /version/getNewVersionNo HTTP/1.1" 200 151 "-" "Dalvik/2.1.0 (Linux; U; Android 6.0.1; Nexus 5 Build/MMB29S)"
192.168.163.51 - - [04/Mar/2016:19:46:06 +0800] "POST /registe/batchRegisteForElectronicCard HTTP/1.1" 200 90 "-" "Jakarta Commons-HttpClient/3.1"
192.168.141.141 - - [04/Mar/2016:19:46:14 +0800] "POST /version/getNewVersionNo HTTP/1.1" 200 151 "-" "Dalvik/2.1.0 (Linux; U; Android 6.0.1; Nexus 5 Build/MMB29S)"
192.168.141.141 - - [04/Mar/2016:19:46:34 +0800] "POST /version/getNewVersionNo HTTP/1.1" 200 151 "-" "Dalvik/2.1.0 (Linux; U; Android 6.0.1; Nexus 5 Build/MMB29S)"
192.168.141.141 - - [04/Mar/2016:19:46:54 +0800] "POST /version/getNewVersionNo HTTP/1.1" 200 151 "-" "Dalvik/2.1.0 (Linux; U; Android 6.0.1; Nexus 5 Build/MMB29S)"
192.168.163.51 - - [04/Mar/2016:19:47:05 +0800] "POST /registe/batchRegisteForElectronicCard HTTP/1.1" 200 90 "-" "Jakarta Commons-HttpClient/3.1"
192.168.141.141 - - [04/Mar/2016:19:47:14 +0800] "POST /version/getNewVersionNo HTTP/1.1" 200 151 "-" "Dalvik/2.1.0 (Linux; U; Android 6.0.1; Nexus 5 Build/MMB29S)"
192.168.141.141 - - [04/Mar/2016:19:47:34 +0800] "POST /version/getNewVersionNo HTTP/1.1" 200 151 "-" "Dalvik/2.1.0 (Linux; U; Android 6.0.1; Nexus 5 Build/MMB29S)"
192.168.141.141 - - [04/Mar/2016:19:47:54 +0800] "POST /version/getNewVersionNo HTTP/1.1" 200 151 "-" "Dalvik/2.1.0 (Linux; U; Android 6.0.1; Nexus 5 Build/MMB29S)"
192.168.163.51 - - [04/Mar/2016:19:48:07 +0800] "POST /registe/batchRegisteForElectronicCard HTTP/1.1" 200 90 "-" "Jakarta Commons-HttpClient/3.1"
192.168.141.141 - - [04/Mar/2016:19:48:14 +0800] "POST /version/getNewVersionNo HTTP/1.1" 200 151 "-" "Dalvik/2.1.0 (Linux; U; Android 6.0.1; Nexus 5 Build/MMB29S)"
192.168.141.141 - - [04/Mar/2016:19:48:34 +0800] "POST /version/getNewVersionNo HTTP/1.1" 200 151 "-" "Dalvik/2.1.0 (Linux; U; Android 6.0.1; Nexus 5 Build/MMB29S)"
192.168.141.141 - - [04/Mar/2016:19:48:54 +0800] "POST /version/getNewVersionNo HTTP/1.1" 200 151 "-" "Dalvik/2.1.0 (Linux; U; Android 6.0.1; Nexus 5 Build/MMB29S)"
192.168.163.51 - - [04/Mar/2016:19:49:05 +0800] "POST /registe/batchRegisteForElectronicCard HTTP/1.1" 200 90 "-" "Jakarta Commons-HttpClient/3.1"
192.168.141.141 - - [04/Mar/2016:19:49:14 +0800] "POST /version/getNewVersionNo HTTP/1.1" 200 151 "-" "Dalvik/2.1.0 (Linux; U; Android 6.0.1; Nexus 5 Build/MMB29S)"
192.168.141.141 - - [04/Mar/2016:19:49:34 +0800] "POST /version/getNewVersionNo HTTP/1.1" 200 151 "-" "Dalvik/2.1.0 (Linux; U; Android 6.0.1; Nexus 5 Build/MMB29S)"
192.168.141.141 - - [04/Mar/2016:19:49:54 +0800] "POST /version/getNewVersionNo HTTP/1.1" 200 151 "-" "Dalvik/2.1.0 (Linux; U; Android 6.0.1; Nexus 5 Build/MMB29S)"
192.168.163.51 - - [04/Mar/2016:19:50:06 +0800] "POST /registe/batchRegisteForElectronicCard HTTP/1.1" 200 90 "-" "Jakarta Commons-HttpClient/3.1"
192.168.141.141 - - [04/Mar/2016:19:50:14 +0800] "POST /version/getNewVersionNo HTTP/1.1" 200 151 "-" "Dalvik/2.1.0 (Linux; U; Android 6.0.1; Nexus 5 Build/MMB29S)"
192.168.141.141 - - [04/Mar/2016:19:50:34 +0800] "POST /version/getNewVersionNo HTTP/1.1" 200 151 "-" "Dalvik/2.1.0 (Linux; U; Android 6.0.1; Nexus 5 Build/MMB29S)"
192.168.141.141 - - [04/Mar/2016:19:50:54 +0800] "POST /version/getNewVersionNo HTTP/1.1" 200 151 "-" "Dalvik/2.1.0 (Linux; U; Android 6.0.1; Nexus 5 Build/MMB29S)"
192.168.163.51 - - [04/Mar/2016:19:51:06 +0800] "POST /registe/batchRegisteForElectronicCard HTTP/1.1" 200 90 "-" "Jakarta Commons-HttpClient/3.1"
192.168.141.141 - - [04/Mar/2016:19:51:14 +0800] "POST /version/getNewVersionNo HTTP/1.1" 200 151 "-" "Dalvik/2.1.0 (Linux; U; Android 6.0.1; Nexus 5 Build/MMB29S)"
192.168.141.141 - - [04/Mar/2016:19:51:34 +0800] "POST /version/getNewVersionNo HTTP/1.1" 200 151 "-" "Dalvik/2.1.0 (Linux; U; Android 6.0.1; Nexus 5 Build/MMB29S)"
192.168.141.141 - - [04/Mar/2016:19:51:54 +0800] "POST /version/getNewVersionNo HTTP/1.1" 200 151 "-" "Dalvik/2.1.0 (Linux; U; Android 6.0.1; Nexus 5 Build/MMB29S)"
192.168.163.51 - - [04/Mar/2016:19:52:05 +0800] "POST /registe/batchRegisteForElectronicCard HTTP/1.1" 200 90 "-" "Jakarta Commons-HttpClient/3.1"
192.168.141.141 - - [04/Mar/2016:19:52:14 +0800] "POST /version/getNewVersionNo HTTP/1.1" 200 151 "-" "Dalvik/2.1.0 (Linux; U; Android 6.0.1; Nexus 5 Build/MMB29S)"
192.168.141.141 - - [04/Mar/2016:19:52:34 +0800] "POST /version/getNewVersionNo HTTP/1.1" 200 151 "-" "Dalvik/2.1.0 (Linux; U; Android 6.0.1; Nexus 5 Build/MMB29S)"
192.168.141.141 - - [04/Mar/2016:19:52:54 +0800] "POST /version/getNewVersionNo HTTP/1.1" 200 151 "-" "Dalvik/2.1.0 (Linux; U; Android 6.0.1; Nexus 5 Build/MMB29S)"
192.168.163.51 - - [04/Mar/2016:19:53:05 +0800] "POST /registe/batchRegisteForElectronicCard HTTP/1.1" 200 90 "-" "Jakarta Commons-HttpClient/3.1"
192.168.141.141 - - [04/Mar/2016:19:53:14 +0800] "POST /version/getNewVersionNo HTTP/1.1" 200 151 "-" "Dalvik/2.1.0 (Linux; U; Android 6.0.1; Nexus 5 Build/MMB29S)"
192.168.141.141 - - [04/Mar/2016:19:53:34 +0800] "POST /version/getNewVersionNo HTTP/1.1" 200 151 "-" "Dalvik/2.1.0 (Linux; U; Android 6.0.1; Nexus 5 Build/MMB29S)"
192.168.141.141 - - [04/Mar/2016:19:53:54 +0800] "POST /version/getNewVersionNo HTTP/1.1" 200 151 "-" "Dalvik/2.1.0 (Linux; U; Android 6.0.1; Nexus 5 Build/MMB29S)"
192.168.163.51 - - [04/Mar/2016:19:54:08 +0800] "POST /registe/batchRegisteForElectronicCard HTTP/1.1" 200 90 "-" "Jakarta Commons-HttpClient/3.1"
192.168.141.141 - - [04/Mar/2016:19:54:14 +0800] "POST /version/getNewVersionNo HTTP/1.1" 200 151 "-" "Dalvik/2.1.0 (Linux; U; Android 6.0.1; Nexus 5 Build/MMB29S)"
192.168.141.141 - - [04/Mar/2016:19:54:34 +0800] "POST /version/getNewVersionNo HTTP/1.1" 200 151 "-" "Dalvik/2.1.0 (Linux; U; Android 6.0.1; Nexus 5 Build/MMB29S)"
192.168.141.141 - - [04/Mar/2016:19:54:54 +0800] "POST /version/getNewVersionNo HTTP/1.1" 200 151 "-" "Dalvik/2.1.0 (Linux; U; Android 6.0.1; Nexus 5 Build/MMB29S)"
192.168.163.51 - - [04/Mar/2016:19:55:06 +0800] "POST /registe/batchRegisteForElectronicCard HTTP/1.1" 200 90 "-" "Jakarta Commons-HttpClient/3.1"
192.168.141.141 - - [04/Mar/2016:19:55:14 +0800] "POST /version/getNewVersionNo HTTP/1.1" 200 151 "-" "Dalvik/2.1.0 (Linux; U; Android 6.0.1; Nexus 5 Build/MMB29S)"
192.168.141.141 - - [04/Mar/2016:19:55:34 +0800] "POST /version/getNewVersionNo HTTP/1.1" 200 151 "-" "Dalvik/2.1.0 (Linux; U; Android 6.0.1; Nexus 5 Build/MMB29S)"
192.168.141.141 - - [04/Mar/2016:19:55:54 +0800] "POST /version/getNewVersionNo HTTP/1.1" 200 151 "-" "Dalvik/2.1.0 (Linux; U; Android 6.0.1; Nexus 5 Build/MMB29S)"
192.168.163.51 - - [04/Mar/2016:19:56:05 +0800] "POST /registe/batchRegisteForElectronicCard HTTP/1.1" 200 90 "-" "Jakarta Commons-HttpClient/3.1"
192.168.141.141 - - [04/Mar/2016:19:56:14 +0800] "POST /version/getNewVersionNo HTTP/1.1" 200 151 "-" "Dalvik/2.1.0 (Linux; U; Android 6.0.1; Nexus 5 Build/MMB29S)"
192.168.141.141 - - [04/Mar/2016:19:56:34 +0800] "POST /version/getNewVersionNo HTTP/1.1" 200 151 "-" "Dalvik/2.1.0 (Linux; U; Android 6.0.1; Nexus 5 Build/MMB29S)"
192.168.141.141 - - [04/Mar/2016:19:56:54 +0800] "POST /version/getNewVersionNo HTTP/1.1" 200 151 "-" "Dalvik/2.1.0 (Linux; U; Android 6.0.1; Nexus 5 Build/MMB29S)"
192.168.163.51 - - [04/Mar/2016:19:57:07 +0800] "POST /registe/batchRegisteForElectronicCard HTTP/1.1" 200 90 "-" "Jakarta Commons-HttpClient/3.1"
192.168.141.141 - - [04/Mar/2016:19:57:14 +0800] "POST /version/getNewVersionNo HTTP/1.1" 200 151 "-" "Dalvik/2.1.0 (Linux; U; Android 6.0.1; Nexus 5 Build/MMB29S)"
172.17.100.229 - - [04/Mar/2016:19:57:16 +0800] "POST /message/getLatestMessagesForYouJiaoTong HTTP/1.1" 200 64 "-" "-"
192.168.141.141 - - [04/Mar/2016:19:57:34 +0800] "POST /version/getNewVersionNo HTTP/1.1" 200 151 "-" "Dalvik/2.1.0 (Linux; U; Android 6.0.1; Nexus 5 Build/MMB29S)"
192.168.141.141 - - [04/Mar/2016:19:57:54 +0800] "POST /version/getNewVersionNo HTTP/1.1" 200 151 "-" "Dalvik/2.1.0 (Linux; U; Android 6.0.1; Nexus 5 Build/MMB29S)"
192.168.163.51 - - [04/Mar/2016:19:58:06 +0800] "POST /registe/batchRegisteForElectronicCard HTTP/1.1" 200 90 "-" "Jakarta Commons-HttpClient/3.1"
192.168.141.141 - - [04/Mar/2016:19:58:14 +0800] "POST /version/getNewVersionNo HTTP/1.1" 200 151 "-" "Dalvik/2.1.0 (Linux; U; Android 6.0.1; Nexus 5 Build/MMB29S)"
192.168.141.141 - - [04/Mar/2016:19:58:34 +0800] "POST /version/getNewVersionNo HTTP/1.1" 200 151 "-" "Dalvik/2.1.0 (Linux; U; Android 6.0.1; Nexus 5 Build/MMB29S)"
192.168.141.141 - - [04/Mar/2016:19:58:54 +0800] "POST /version/getNewVersionNo HTTP/1.1" 200 151 "-" "Dalvik/2.1.0 (Linux; U; Android 6.0.1; Nexus 5 Build/MMB29S)"
192.168.163.51 - - [04/Mar/2016:19:59:05 +0800] "POST /registe/batchRegisteForElectronicCard HTTP/1.1" 200 90 "-" "Jakarta Commons-HttpClient/3.1"
192.168.141.141 - - [04/Mar/2016:19:59:14 +0800] "POST /version/getNewVersionNo HTTP/1.1" 200 151 "-" "Dalvik/2.1.0 (Linux; U; Android 6.0.1; Nexus 5 Build/MMB29S)"
192.168.141.141 - - [04/Mar/2016:19:59:34 +0800] "POST /version/getNewVersionNo HTTP/1.1" 200 151 "-" "Dalvik/2.1.0 (Linux; U; Android 6.0.1; Nexus 5 Build/MMB29S)"
192.168.141.141 - - [04/Mar/2016:19:59:54 +0800] "POST /version/getNewVersionNo HTTP/1.1" 200 151 "-" "Dalvik/2.1.0 (Linux; U; Android 6.0.1; Nexus 5 Build/MMB29S)"
192.168.163.51 - - [04/Mar/2016:20:00:10 +0800] "POST /registe/batchRegisteForElectronicCard HTTP/1.1" 200 90 "-" "Jakarta Commons-HttpClient/3.1"
192.168.141.141 - - [04/Mar/2016:20:00:14 +0800] "POST /version/getNewVersionNo HTTP/1.1" 200 151 "-" "Dalvik/2.1.0 (Linux; U; Android 6.0.1; Nexus 5 Build/MMB29S)"
192.168.141.141 - - [04/Mar/2016:20:00:34 +0800] "POST /version/getNewVersionNo HTTP/1.1" 200 151 "-" "Dalvik/2.1.0 (Linux; U; Android 6.0.1; Nexus 5 Build/MMB29S)"
192.168.141.141 - - [04/Mar/2016:20:00:54 +0800] "POST /version/getNewVersionNo HTTP/1.1" 200 151 "-" "Dalvik/2.1.0 (Linux; U; Android 6.0.1; Nexus 5 Build/MMB29S)"
192.168.163.51 - - [04/Mar/2016:20:01:06 +0800] "POST /registe/batchRegisteForElectronicCard HTTP/1.1" 200 90 "-" "Jakarta Commons-HttpClient/3.1"
192.168.141.141 - - [04/Mar/2016:20:01:14 +0800] "POST /version/getNewVersionNo HTTP/1.1" 200 151 "-" "Dalvik/2.1.0 (Linux; U; Android 6.0.1; Nexus 5 Build/MMB29S)"
192.168.141.141 - - [04/Mar/2016:20:01:34 +0800] "POST /version/getNewVersionNo HTTP/1.1" 200 151 "-" "Dalvik/2.1.0 (Linux; U; Android 6.0.1; Nexus 5 Build/MMB29S)"
192.168.141.141 - - [04/Mar/2016:20:01:54 +0800] "POST /version/getNewVersionNo HTTP/1.1" 200 151 "-" "Dalvik/2.1.0 (Linux; U; Android 6.0.1; Nexus 5 Build/MMB29S)"
192.168.163.51 - - [04/Mar/2016:20:02:05 +0800] "POST /registe/batchRegisteForElectronicCard HTTP/1.1" 200 90 "-" "Jakarta Commons-HttpClient/3.1"
192.168.141.141 - - [04/Mar/2016:20:02:14 +0800] "POST /version/getNewVersionNo HTTP/1.1" 200 151 "-" "Dalvik/2.1.0 (Linux; U; Android 6.0.1; Nexus 5 Build/MMB29S)"
192.168.141.141 - - [04/Mar/2016:20:02:34 +0800] "POST /version/getNewVersionNo HTTP/1.1" 200 151 "-" "Dalvik/2.1.0 (Linux; U; Android 6.0.1; Nexus 5 Build/MMB29S)"
192.168.141.141 - - [04/Mar/2016:20:02:54 +0800] "POST /version/getNewVersionNo HTTP/1.1" 200 151 "-" "Dalvik/2.1.0 (Linux; U; Android 6.0.1; Nexus 5 Build/MMB29S)"
172.17.100.229 - - [04/Mar/2016:20:03:06 +0800] "POST /message/getLatestMessagesForYouJiaoTong HTTP/1.1" 200 64 "-" "-"
192.168.163.51 - - [04/Mar/2016:20:03:07 +0800] "POST /registe/batchRegisteForElectronicCard HTTP/1.1" 200 90 "-" "Jakarta Commons-HttpClient/3.1"
192.168.141.141 - - [04/Mar/2016:20:03:14 +0800] "POST /version/getNewVersionNo HTTP/1.1" 200 151 "-" "Dalvik/2.1.0 (Linux; U; Android 6.0.1; Nexus 5 Build/MMB29S)"
192.168.141.141 - - [04/Mar/2016:20:03:34 +0800] "POST /version/getNewVersionNo HTTP/1.1" 200 151 "-" "Dalvik/2.1.0 (Linux; U; Android 6.0.1; Nexus 5 Build/MMB29S)"
192.168.141.141 - - [04/Mar/2016:20:03:54 +0800] "POST /version/getNewVersionNo HTTP/1.1" 200 151 "-" "Dalvik/2.1.0 (Linux; U; Android 6.0.1; Nexus 5 Build/MMB29S)"
192.168.163.51 - - [04/Mar/2016:20:04:06 +0800] "POST /registe/batchRegisteForElectronicCard HTTP/1.1" 200 90 "-" "Jakarta Commons-HttpClient/3.1"
192.168.141.141 - - [04/Mar/2016:20:04:14 +0800] "POST /version/getNewVersionNo HTTP/1.1" 200 151 "-" "Dalvik/2.1.0 (Linux; U; Android 6.0.1; Nexus 5 Build/MMB29S)"
192.168.141.141 - - [04/Mar/2016:20:04:20 +0800] "POST /homework/querySubmit HTTP/1.1" 200 510 "-" "\xE4\xBC\x98\xE6\x95\x99\xE4\xBF\xA1\xE4\xBD\xBF 3.5.0 (iPhone; iPhone OS 9.2; zh_CN)"
192.168.141.141 - - [04/Mar/2016:20:04:27 +0800] "POST /message/getMessageTplByID HTTP/1.1" 200 2113 "-" "\xE4\xBC\x98\xE6\x95\x99\xE4\xBF\xA1\xE4\xBD\xBF 3.5.0 (iPhone; iPhone OS 9.2; zh_CN)"
192.168.141.141 - - [04/Mar/2016:20:04:34 +0800] "POST /version/getNewVersionNo HTTP/1.1" 200 151 "-" "Dalvik/2.1.0 (Linux; U; Android 6.0.1; Nexus 5 Build/MMB29S)"
192.168.141.141 - - [04/Mar/2016:20:04:36 +0800] "POST /message/sendMessageForUxin HTTP/1.1" 200 830 "-" "\xE4\xBC\x98\xE6\x95\x99\xE4\xBF\xA1\xE4\xBD\xBF 3.5.0 (iPhone; iPhone OS 9.2; zh_CN)"
192.168.141.141 - - [04/Mar/2016:20:04:47 +0800] "POST /user/logout HTTP/1.1" 200 64 "-" "\xE4\xBC\x98\xE6\x95\x99\xE4\xBF\xA1\xE4\xBD\xBF 3.5.0 (iPhone; iPhone OS 9.2; zh_CN)"
192.168.141.141 - - [04/Mar/2016:20:04:54 +0800] "POST /version/getNewVersionNo HTTP/1.1" 200 151 "-" "Dalvik/2.1.0 (Linux; U; Android 6.0.1; Nexus 5 Build/MMB29S)"
192.168.141.141 - - [04/Mar/2016:20:04:55 +0800] "POST /user/hasRelationAccount HTTP/1.1" 200 2503 "-" "\xE4\xBC\x98\xE6\x95\x99\xE4\xBF\xA1\xE4\xBD\xBF 3.5.0 (iPhone; iPhone OS 9.2; zh_CN)"
192.168.141.141 - - [04/Mar/2016:20:04:57 +0800] "POST /user/loginForUxin HTTP/1.1" 200 379 "-" "\xE4\xBC\x98\xE6\x95\x99\xE4\xBF\xA1\xE4\xBD\xBF 3.5.0 (iPhone; iPhone OS 9.2; zh_CN)"
192.168.141.141 - - [04/Mar/2016:20:04:57 +0800] "POST /user/registerPush HTTP/1.1" 200 64 "-" "\xE4\xBC\x98\xE6\x95\x99\xE4\xBF\xA1\xE4\xBD\xBF 3.5.0 (iPhone; iPhone OS 9.2; zh_CN)"
192.168.141.141 - - [04/Mar/2016:20:04:57 +0800] "POST /lbs/v1/card/user HTTP/1.1" 200 153 "-" "\xE4\xBC\x98\xE6\x95\x99\xE4\xBF\xA1\xE4\xBD\xBF 3.5.0 (iPhone; iPhone OS 9.2; zh_CN)"
192.168.141.141 - - [04/Mar/2016:20:04:58 +0800] "POST /homework/querySubmit HTTP/1.1" 200 387 "-" "\xE4\xBC\x98\xE6\x95\x99\xE4\xBF\xA1\xE4\xBD\xBF 3.5.0 (iPhone; iPhone OS 9.2; zh_CN)"
192.168.141.141 - - [04/Mar/2016:20:04:58 +0800] "POST /message/getLatestGroupMessages HTTP/1.1" 200 6453 "-" "\xE4\xBC\x98\xE6\x95\x99\xE4\xBF\xA1\xE4\xBD\xBF 3.5.0 (iPhone; iPhone OS 9.2; zh_CN)"
192.168.141.141 - - [04/Mar/2016:20:05:00 +0800] "POST /lbs/v1/card/user HTTP/1.1" 200 153 "-" "\xE4\xBC\x98\xE6\x95\x99\xE4\xBF\xA1\xE4\xBD\xBF 3.5.0 (iPhone; iPhone OS 9.2; zh_CN)"
192.168.141.141 - - [04/Mar/2016:20:05:01 +0800] "POST /message/notifySender HTTP/1.1" 200 64 "-" "\xE4\xBC\x98\xE6\x95\x99\xE4\xBF\xA1\xE4\xBD\xBF 3.5.0 (iPhone; iPhone OS 9.2; zh_CN)"
192.168.141.141 - - [04/Mar/2016:20:05:01 +0800] "POST /message/notifySender HTTP/1.1" 200 64 "-" "\xE4\xBC\x98\xE6\x95\x99\xE4\xBF\xA1\xE4\xBD\xBF 3.5.0 (iPhone; iPhone OS 9.2; zh_CN)"
192.168.141.141 - - [04/Mar/2016:20:05:01 +0800] "POST /message/notifySender HTTP/1.1" 200 64 "-" "\xE4\xBC\x98\xE6\x95\x99\xE4\xBF\xA1\xE4\xBD\xBF 3.5.0 (iPhone; iPhone OS 9.2; zh_CN)"
192.168.141.141 - - [04/Mar/2016:20:05:01 +0800] "POST /message/notifySender HTTP/1.1" 200 64 "-" "\xE4\xBC\x98\xE6\x95\x99\xE4\xBF\xA1\xE4\xBD\xBF 3.5.0 (iPhone; iPhone OS 9.2; zh_CN)"
192.168.141.141 - - [04/Mar/2016:20:05:01 +0800] "POST /message/notifySender HTTP/1.1" 200 64 "-" "\xE4\xBC\x98\xE6\x95\x99\xE4\xBF\xA1\xE4\xBD\xBF 3.5.0 (iPhone; iPhone OS 9.2; zh_CN)"
192.168.141.141 - - [04/Mar/2016:20:05:01 +0800] "POST /message/notifySender HTTP/1.1" 200 64 "-" "\xE4\xBC\x98\xE6\x95\x99\xE4\xBF\xA1\xE4\xBD\xBF 3.5.0 (iPhone; iPhone OS 9.2; zh_CN)"
192.168.163.51 - - [04/Mar/2016:20:05:06 +0800] "POST /registe/batchRegisteForElectronicCard HTTP/1.1" 200 90 "-" "Jakarta Commons-HttpClient/3.1"
192.168.141.141 - - [04/Mar/2016:20:05:14 +0800] "POST /version/getNewVersionNo HTTP/1.1" 200 151 "-" "Dalvik/2.1.0 (Linux; U; Android 6.0.1; Nexus 5 Build/MMB29S)"
192.168.141.141 - - [04/Mar/2016:20:05:21 +0800] "POST /lbs/v1/card/user HTTP/1.1" 200 153 "-" "\xE4\xBC\x98\xE6\x95\x99\xE4\xBF\xA1\xE4\xBD\xBF 3.5.0 (iPhone; iPhone OS 9.2; zh_CN)"
192.168.141.141 - - [04/Mar/2016:20:05:23 +0800] "POST /message/getMessageTplByID HTTP/1.1" 200 2113 "-" "\xE4\xBC\x98\xE6\x95\x99\xE4\xBF\xA1\xE4\xBD\xBF 3.5.0 (iPhone; iPhone OS 9.2; zh_CN)"
192.168.141.141 - - [04/Mar/2016:20:05:23 +0800] "POST /message/getStatisticalInfos HTTP/1.1" 200 6841 "-" "\xE4\xBC\x98\xE6\x95\x99\xE4\xBF\xA1\xE4\xBD\xBF 3.5.0 (iPhone; iPhone OS 9.2; zh_CN)"
192.168.141.141 - - [04/Mar/2016:20:05:34 +0800] "POST /version/getNewVersionNo HTTP/1.1" 200 151 "-" "Dalvik/2.1.0 (Linux; U; Android 6.0.1; Nexus 5 Build/MMB29S)"
192.168.141.141 - - [04/Mar/2016:20:05:34 +0800] "POST /lbs/v1/card/user HTTP/1.1" 200 153 "-" "\xE4\xBC\x98\xE6\x95\x99\xE4\xBF\xA1\xE4\xBD\xBF 3.5.0 (iPhone; iPhone OS 9.2; zh_CN)"
192.168.141.141 - - [04/Mar/2016:20:05:35 +0800] "POST /addressbook/checkUpdate HTTP/1.1" 200 13 "-" "\xE4\xBC\x98\xE6\x95\x99\xE4\xBF\xA1\xE4\xBD\xBF 3.5.0 (iPhone; iPhone OS 9.2; zh_CN)"
192.168.141.141 - - [04/Mar/2016:20:05:37 +0800] "POST /lbs/v1/card/user HTTP/1.1" 200 153 "-" "\xE4\xBC\x98\xE6\x95\x99\xE4\xBF\xA1\xE4\xBD\xBF 3.5.0 (iPhone; iPhone OS 9.2; zh_CN)"
192.168.141.141 - - [04/Mar/2016:20:05:38 +0800] "POST /message/getMessageTplByID HTTP/1.1" 200 2113 "-" "\xE4\xBC\x98\xE6\x95\x99\xE4\xBF\xA1\xE4\xBD\xBF 3.5.0 (iPhone; iPhone OS 9.2; zh_CN)"
192.168.141.141 - - [04/Mar/2016:20:05:38 +0800] "POST /message/getStatisticalInfos HTTP/1.1" 200 6841 "-" "\xE4\xBC\x98\xE6\x95\x99\xE4\xBF\xA1\xE4\xBD\xBF 3.5.0 (iPhone; iPhone OS 9.2; zh_CN)"
192.168.141.141 - - [04/Mar/2016:20:05:39 +0800] "POST /lbs/v1/card/user HTTP/1.1" 200 153 "-" "\xE4\xBC\x98\xE6\x95\x99\xE4\xBF\xA1\xE4\xBD\xBF 3.5.0 (iPhone; iPhone OS 9.2; zh_CN)"
172.17.100.229 - - [04/Mar/2016:20:05:40 +0800] "POST /message/getLatestMessagesForYouJiaoTong HTTP/1.1" 200 64 "-" "-"
192.168.141.141 - - [04/Mar/2016:20:05:40 +0800] "POST /message/getMessageTplByID HTTP/1.1" 200 2113 "-" "\xE4\xBC\x98\xE6\x95\x99\xE4\xBF\xA1\xE4\xBD\xBF 3.5.0 (iPhone; iPhone OS 9.2; zh_CN)"
192.168.141.141 - - [04/Mar/2016:20:05:41 +0800] "POST /lbs/v1/card/user HTTP/1.1" 200 153 "-" "\xE4\xBC\x98\xE6\x95\x99\xE4\xBF\xA1\xE4\xBD\xBF 3.5.0 (iPhone; iPhone OS 9.2; zh_CN)"
192.168.141.141 - - [04/Mar/2016:20:05:54 +0800] "POST /version/getNewVersionNo HTTP/1.1" 200 151 "-" "Dalvik/2.1.0 (Linux; U; Android 6.0.1; Nexus 5 Build/MMB29S)"
192.168.141.141 - - [04/Mar/2016:20:06:02 +0800] "POST /lbs/v1/card/user HTTP/1.1" 200 153 "-" "\xE4\xBC\x98\xE6\x95\x99\xE4\xBF\xA1\xE4\xBD\xBF 3.5.0 (iPhone; iPhone OS 9.2; zh_CN)"
192.168.141.141 - - [04/Mar/2016:20:06:03 +0800] "POST /homework/querySubmit HTTP/1.1" 200 387 "-" "\xE4\xBC\x98\xE6\x95\x99\xE4\xBF\xA1\xE4\xBD\xBF 3.5.0 (iPhone; iPhone OS 9.2; zh_CN)"
192.168.141.141 - - [04/Mar/2016:20:06:09 +0800] "POST /user/getOtherUserProfile HTTP/1.1" 200 66 "-" "\xE4\xBC\x98\xE6\x95\x99\xE4\xBF\xA1\xE4\xBD\xBF 3.5.0 (iPhone; iPhone OS 9.2; zh_CN)"
192.168.141.141 - - [04/Mar/2016:20:06:14 +0800] "POST /version/getNewVersionNo HTTP/1.1" 200 151 "-" "Dalvik/2.1.0 (Linux; U; Android 6.0.1; Nexus 5 Build/MMB29S)"
192.168.163.51 - - [04/Mar/2016:20:06:14 +0800] "POST /registe/batchRegisteForElectronicCard HTTP/1.1" 200 90 "-" "Jakarta Commons-HttpClient/3.1"
192.168.141.141 - - [04/Mar/2016:20:06:18 +0800] "POST /lbs/v1/card/user HTTP/1.1" 200 153 "-" "\xE4\xBC\x98\xE6\x95\x99\xE4\xBF\xA1\xE4\xBD\xBF 3.5.0 (iPhone; iPhone OS 9.2; zh_CN)"
192.168.141.141 - - [04/Mar/2016:20:06:22 +0800] "POST /addressbook/checkUpdate HTTP/1.1" 200 13 "-" "\xE4\xBC\x98\xE6\x95\x99\xE4\xBF\xA1\xE4\xBD\xBF 3.5.0 (iPhone; iPhone OS 9.2; zh_CN)"
192.168.141.141 - - [04/Mar/2016:20:06:23 +0800] "POST /message/getAdsContent HTTP/1.1" 200 362 "-" "\xE4\xBC\x98\xE6\x95\x99\xE4\xBF\xA1\xE4\xBD\xBF 3.5.0 (iPhone; iPhone OS 9.2; zh_CN)"
192.168.141.141 - - [04/Mar/2016:20:06:23 +0800] "POST /lbs/v1/card/user HTTP/1.1" 200 153 "-" "\xE4\xBC\x98\xE6\x95\x99\xE4\xBF\xA1\xE4\xBD\xBF 3.5.0 (iPhone; iPhone OS 9.2; zh_CN)"
192.168.141.141 - - [04/Mar/2016:20:06:34 +0800] "POST /version/getNewVersionNo HTTP/1.1" 200 151 "-" "Dalvik/2.1.0 (Linux; U; Android 6.0.1; Nexus 5 Build/MMB29S)"
192.168.141.141 - - [04/Mar/2016:20:06:34 +0800] "POST /homework/pdGrant HTTP/1.1" 200 503 "-" "\xE4\xBC\x98\xE6\x95\x99\xE4\xBF\xA1\xE4\xBD\xBF 3.5.0 (iPhone; iPhone OS 9.2; zh_CN)"
192.168.141.141 - - [04/Mar/2016:20:06:54 +0800] "POST /version/getNewVersionNo HTTP/1.1" 200 151 "-" "Dalvik/2.1.0 (Linux; U; Android 6.0.1; Nexus 5 Build/MMB29S)"
192.168.163.51 - - [04/Mar/2016:20:07:05 +0800] "POST /registe/batchRegisteForElectronicCard HTTP/1.1" 200 90 "-" "Jakarta Commons-HttpClient/3.1"
192.168.141.141 - - [04/Mar/2016:20:07:14 +0800] "POST /version/getNewVersionNo HTTP/1.1" 200 151 "-" "Dalvik/2.1.0 (Linux; U; Android 6.0.1; Nexus 5 Build/MMB29S)"
192.168.141.141 - - [04/Mar/2016:20:07:34 +0800] "POST /version/getNewVersionNo HTTP/1.1" 200 151 "-" "Dalvik/2.1.0 (Linux; U; Android 6.0.1; Nexus 5 Build/MMB29S)"
192.168.141.141 - - [04/Mar/2016:20:07:54 +0800] "POST /version/getNewVersionNo HTTP/1.1" 200 151 "-" "Dalvik/2.1.0 (Linux; U; Android 6.0.1; Nexus 5 Build/MMB29S)"
192.168.163.51 - - [04/Mar/2016:20:08:06 +0800] "POST /registe/batchRegisteForElectronicCard HTTP/1.1" 200 90 "-" "Jakarta Commons-HttpClient/3.1"
192.168.141.141 - - [04/Mar/2016:20:08:14 +0800] "POST /version/getNewVersionNo HTTP/1.1" 200 151 "-" "Dalvik/2.1.0 (Linux; U; Android 6.0.1; Nexus 5 Build/MMB29S)"
192.168.141.141 - - [04/Mar/2016:20:08:34 +0800] "POST /version/getNewVersionNo HTTP/1.1" 200 151 "-" "Dalvik/2.1.0 (Linux; U; Android 6.0.1; Nexus 5 Build/MMB29S)"
192.168.141.141 - - [04/Mar/2016:20:08:51 +0800] "POST /lbs/v1/card/user HTTP/1.1" 200 153 "-" "\xE4\xBC\x98\xE6\x95\x99\xE4\xBF\xA1\xE4\xBD\xBF 3.5.0 (iPhone; iPhone OS 9.2; zh_CN)"
192.168.141.141 - - [04/Mar/2016:20:08:53 +0800] "POST /message/getMessageTplByID HTTP/1.1" 200 2113 "-" "\xE4\xBC\x98\xE6\x95\x99\xE4\xBF\xA1\xE4\xBD\xBF 3.5.0 (iPhone; iPhone OS 9.2; zh_CN)"
192.168.141.141 - - [04/Mar/2016:20:08:54 +0800] "POST /version/getNewVersionNo HTTP/1.1" 200 151 "-" "Dalvik/2.1.0 (Linux; U; Android 6.0.1; Nexus 5 Build/MMB29S)"
192.168.141.141 - - [04/Mar/2016:20:08:54 +0800] "POST /message/getStatisticalInfos HTTP/1.1" 200 6841 "-" "\xE4\xBC\x98\xE6\x95\x99\xE4\xBF\xA1\xE4\xBD\xBF 3.5.0 (iPhone; iPhone OS 9.2; zh_CN)"
192.168.141.141 - - [04/Mar/2016:20:08:58 +0800] "POST /message/notifySender HTTP/1.1" 200 64 "-" "\xE4\xBC\x98\xE6\x95\x99\xE4\xBF\xA1\xE4\xBD\xBF 3.5.0 (iPhone; iPhone OS 9.2; zh_CN)"
